Timestamp,Some (avg10),Some (avg60),Some (avg300),Full (avg10),Full (avg60),Full (avg300),OOM Kills,OOM Failures
2025-05-09 23:30:27.783,0.00,0.00,0.00,0.00,0.00,0.00,0,0
2025-05-09 23:30:27.811,0.00,0.00,0.00,0.00,0.00,0.00,0,0
2025-05-09 23:30:27.838,0.00,0.00,0.00,0.00,0.00,0.00,0,0
2025-05-09 23:30:27.864,0.00,0.00,0.00,0.00,0.00,0.00,0,0
2025-05-09 23:30:27.891,0.00,0.00,0.00,0.00,0.00,0.00,0,0
2025-05-09 23:30:27.918,0.00,0.00,0.00,0.00,0.00,0.00,0,0
2025-05-09 23:30:27.942,0.00,0.00,0.00,0.00,0.00,0.00,0,0
2025-05-09 23:30:27.970,0.00,0.00,0.00,0.00,0.00,0.00,0,0
2025-05-09 23:30:27.997,0.00,0.00,0.00,0.00,0.00,0.00,0,0
2025-05-09 23:30:28.026,0.00,0.00,0.00,0.00,0.00,0.00,0,0
2025-05-09 23:30:28.051,0.00,0.00,0.00,0.00,0.00,0.00,0,0
2025-05-09 23:30:28.080,0.00,0.00,0.00,0.00,0.00,0.00,0,0
2025-05-09 23:30:28.104,0.00,0.00,0.00,0.00,0.00,0.00,0,0
2025-05-09 23:30:28.126,0.00,0.00,0.00,0.00,0.00,0.00,0,0
2025-05-09 23:30:28.154,0.00,0.00,0.00,0.00,0.00,0.00,0,0
2025-05-09 23:30:28.180,0.00,0.00,0.00,0.00,0.00,0.00,0,0
2025-05-09 23:30:28.209,0.00,0.00,0.00,0.00,0.00,0.00,0,0
2025-05-09 23:30:28.232,0.00,0.00,0.00,0.00,0.00,0.00,0,0
2025-05-09 23:30:28.257,0.00,0.00,0.00,0.00,0.00,0.00,0,0
2025-05-09 23:30:28.287,0.00,0.00,0.00,0.00,0.00,0.00,0,0
2025-05-09 23:30:28.311,0.00,0.00,0.00,0.00,0.00,0.00,0,0
2025-05-09 23:30:28.337,0.00,0.00,0.00,0.00,0.00,0.00,0,0
2025-05-09 23:30:28.367,0.00,0.00,0.00,0.00,0.00,0.00,0,0
2025-05-09 23:30:28.397,0.00,0.00,0.00,0.00,0.00,0.00,0,0
2025-05-09 23:30:28.422,0.00,0.00,0.00,0.00,0.00,0.00,0,0
2025-05-09 23:30:28.451,0.00,0.00,0.00,0.00,0.00,0.00,0,0
2025-05-09 23:30:28.477,0.00,0.00,0.00,0.00,0.00,0.00,0,0
2025-05-09 23:30:28.506,0.00,0.00,0.00,0.00,0.00,0.00,0,0
2025-05-09 23:30:28.531,0.00,0.00,0.00,0.00,0.00,0.00,0,0
2025-05-09 23:30:28.558,0.00,0.00,0.00,0.00,0.00,0.00,0,0
2025-05-09 23:30:28.582,0.00,0.00,0.00,0.00,0.00,0.00,0,0
2025-05-09 23:30:28.609,0.00,0.00,0.00,0.00,0.00,0.00,0,0
2025-05-09 23:30:28.633,0.00,0.00,0.00,0.00,0.00,0.00,0,0
2025-05-09 23:30:28.655,0.00,0.00,0.00,0.00,0.00,0.00,0,0
2025-05-09 23:30:28.681,0.00,0.00,0.00,0.00,0.00,0.00,0,0
2025-05-09 23:30:28.705,0.00,0.00,0.00,0.00,0.00,0.00,0,0
2025-05-09 23:30:28.729,0.00,0.00,0.00,0.00,0.00,0.00,0,0
2025-05-09 23:30:28.754,0.00,0.00,0.00,0.00,0.00,0.00,0,0
2025-05-09 23:30:28.778,0.00,0.00,0.00,0.00,0.00,0.00,0,0
2025-05-09 23:30:28.799,0.00,0.00,0.00,0.00,0.00,0.00,0,0
2025-05-09 23:30:28.823,0.00,0.00,0.00,0.00,0.00,0.00,0,0
2025-05-09 23:30:28.848,0.00,0.00,0.00,0.00,0.00,0.00,0,0
2025-05-09 23:30:28.872,0.00,0.00,0.00,0.00,0.00,0.00,0,0
2025-05-09 23:30:28.895,0.00,0.00,0.00,0.00,0.00,0.00,0,0
2025-05-09 23:30:28.918,0.00,0.00,0.00,0.00,0.00,0.00,0,0
2025-05-09 23:30:28.942,0.00,0.00,0.00,0.00,0.00,0.00,0,0
2025-05-09 23:30:28.965,0.00,0.00,0.00,0.00,0.00,0.00,0,0
2025-05-09 23:30:28.989,0.00,0.00,0.00,0.00,0.00,0.00,0,0
2025-05-09 23:30:29.012,0.00,0.00,0.00,0.00,0.00,0.00,0,0
2025-05-09 23:30:29.036,0.00,0.00,0.00,0.00,0.00,0.00,0,0
2025-05-09 23:30:29.060,0.00,0.00,0.00,0.00,0.00,0.00,0,0
2025-05-09 23:30:29.083,0.00,0.00,0.00,0.00,0.00,0.00,0,0
2025-05-09 23:30:29.107,0.00,0.00,0.00,0.00,0.00,0.00,0,0
2025-05-09 23:30:29.131,0.00,0.00,0.00,0.00,0.00,0.00,0,0
2025-05-09 23:30:29.157,0.00,0.00,0.00,0.00,0.00,0.00,0,0
2025-05-09 23:30:29.181,0.00,0.00,0.00,0.00,0.00,0.00,0,0
2025-05-09 23:30:29.205,0.00,0.00,0.00,0.00,0.00,0.00,0,0
2025-05-09 23:30:29.229,0.00,0.00,0.00,0.00,0.00,0.00,0,0
2025-05-09 23:30:29.255,0.00,0.00,0.00,0.00,0.00,0.00,0,0
2025-05-09 23:30:29.282,0.00,0.00,0.00,0.00,0.00,0.00,0,0
2025-05-09 23:30:29.304,0.00,0.00,0.00,0.00,0.00,0.00,0,0
2025-05-09 23:30:29.335,0.00,0.00,0.00,0.00,0.00,0.00,0,0
2025-05-09 23:30:29.361,0.00,0.00,0.00,0.00,0.00,0.00,0,0
2025-05-09 23:30:29.390,0.00,0.00,0.00,0.00,0.00,0.00,0,0
2025-05-09 23:30:29.417,0.00,0.00,0.00,0.00,0.00,0.00,0,0
2025-05-09 23:30:29.445,0.00,0.00,0.00,0.00,0.00,0.00,0,0
2025-05-09 23:30:29.473,0.00,0.00,0.00,0.00,0.00,0.00,0,0
2025-05-09 23:30:29.497,0.00,0.00,0.00,0.00,0.00,0.00,0,0
2025-05-09 23:30:29.525,0.00,0.00,0.00,0.00,0.00,0.00,0,0
2025-05-09 23:30:29.569,0.00,0.00,0.00,0.00,0.00,0.00,0,0
2025-05-09 23:30:29.592,0.00,0.00,0.00,0.00,0.00,0.00,0,0
2025-05-09 23:30:29.619,0.00,0.00,0.00,0.00,0.00,0.00,0,0
2025-05-09 23:30:29.645,0.00,0.00,0.00,0.00,0.00,0.00,0,0
2025-05-09 23:30:29.670,0.00,0.00,0.00,0.00,0.00,0.00,0,0
2025-05-09 23:30:29.696,0.00,0.00,0.00,0.00,0.00,0.00,0,0
2025-05-09 23:30:29.721,0.00,0.00,0.00,0.00,0.00,0.00,0,0
2025-05-09 23:30:29.746,0.00,0.00,0.00,0.00,0.00,0.00,0,0
2025-05-09 23:30:29.769,0.00,0.00,0.00,0.00,0.00,0.00,0,0
2025-05-09 23:30:29.793,0.00,0.00,0.00,0.00,0.00,0.00,0,0
2025-05-09 23:30:29.819,0.00,0.00,0.00,0.00,0.00,0.00,0,0
2025-05-09 23:30:29.845,0.00,0.00,0.00,0.00,0.00,0.00,0,0
2025-05-09 23:30:29.870,0.00,0.00,0.00,0.00,0.00,0.00,0,0
2025-05-09 23:30:29.898,0.00,0.00,0.00,0.00,0.00,0.00,0,0
2025-05-09 23:30:29.928,0.00,0.00,0.00,0.00,0.00,0.00,0,0
2025-05-09 23:30:29.956,0.00,0.00,0.00,0.00,0.00,0.00,0,0
2025-05-09 23:30:29.981,0.00,0.00,0.00,0.00,0.00,0.00,0,0
2025-05-09 23:30:30.007,0.00,0.00,0.00,0.00,0.00,0.00,0,0
2025-05-09 23:30:30.027,0.00,0.00,0.00,0.00,0.00,0.00,0,0
2025-05-09 23:30:30.053,0.00,0.00,0.00,0.00,0.00,0.00,0,0
2025-05-09 23:30:30.082,0.00,0.00,0.00,0.00,0.00,0.00,0,0
2025-05-09 23:30:30.107,0.00,0.00,0.00,0.00,0.00,0.00,0,0
2025-05-09 23:30:30.134,0.00,0.00,0.00,0.00,0.00,0.00,0,0
2025-05-09 23:30:30.163,0.00,0.00,0.00,0.00,0.00,0.00,0,0
2025-05-09 23:30:30.189,0.00,0.00,0.00,0.00,0.00,0.00,0,0
2025-05-09 23:30:30.214,0.00,0.00,0.00,0.00,0.00,0.00,0,0
2025-05-09 23:30:30.239,0.00,0.00,0.00,0.00,0.00,0.00,0,0
2025-05-09 23:30:30.264,0.00,0.00,0.00,0.00,0.00,0.00,0,0
2025-05-09 23:30:30.290,0.00,0.00,0.00,0.00,0.00,0.00,0,0
2025-05-09 23:30:30.316,0.00,0.00,0.00,0.00,0.00,0.00,0,0
2025-05-09 23:30:30.345,0.00,0.00,0.00,0.00,0.00,0.00,0,0
2025-05-09 23:30:30.369,0.00,0.00,0.00,0.00,0.00,0.00,0,0
2025-05-09 23:30:30.394,0.00,0.00,0.00,0.00,0.00,0.00,0,0
2025-05-09 23:30:30.418,0.00,0.00,0.00,0.00,0.00,0.00,0,0
2025-05-09 23:30:30.444,0.00,0.00,0.00,0.00,0.00,0.00,0,0
2025-05-09 23:30:30.469,0.00,0.00,0.00,0.00,0.00,0.00,0,0
2025-05-09 23:30:30.496,0.00,0.00,0.00,0.00,0.00,0.00,0,0
2025-05-09 23:30:30.523,0.00,0.00,0.00,0.00,0.00,0.00,0,0
2025-05-09 23:30:30.553,0.00,0.00,0.00,0.00,0.00,0.00,0,0
2025-05-09 23:30:30.578,0.00,0.00,0.00,0.00,0.00,0.00,0,0
2025-05-09 23:30:30.604,0.00,0.00,0.00,0.00,0.00,0.00,0,0
2025-05-09 23:30:30.630,0.00,0.00,0.00,0.00,0.00,0.00,0,0
2025-05-09 23:30:30.656,0.00,0.00,0.00,0.00,0.00,0.00,0,0
2025-05-09 23:30:30.685,0.00,0.00,0.00,0.00,0.00,0.00,0,0
2025-05-09 23:30:30.715,0.00,0.00,0.00,0.00,0.00,0.00,0,0
2025-05-09 23:30:30.740,0.00,0.00,0.00,0.00,0.00,0.00,0,0
2025-05-09 23:30:30.767,0.00,0.00,0.00,0.00,0.00,0.00,0,0
2025-05-09 23:30:30.792,0.00,0.00,0.00,0.00,0.00,0.00,0,0
2025-05-09 23:30:30.820,0.00,0.00,0.00,0.00,0.00,0.00,0,0
2025-05-09 23:30:30.849,0.00,0.00,0.00,0.00,0.00,0.00,0,0
2025-05-09 23:30:30.876,0.00,0.00,0.00,0.00,0.00,0.00,0,0
2025-05-09 23:30:30.901,0.00,0.00,0.00,0.00,0.00,0.00,0,0
2025-05-09 23:30:30.926,0.00,0.00,0.00,0.00,0.00,0.00,0,0
2025-05-09 23:30:30.956,0.00,0.00,0.00,0.00,0.00,0.00,0,0
2025-05-09 23:30:30.981,0.00,0.00,0.00,0.00,0.00,0.00,0,0
2025-05-09 23:30:31.004,0.00,0.00,0.00,0.00,0.00,0.00,0,0
2025-05-09 23:30:31.028,0.00,0.00,0.00,0.00,0.00,0.00,0,0
2025-05-09 23:30:31.054,0.00,0.00,0.00,0.00,0.00,0.00,0,0
2025-05-09 23:30:31.081,0.00,0.00,0.00,0.00,0.00,0.00,0,0
2025-05-09 23:30:31.105,0.00,0.00,0.00,0.00,0.00,0.00,0,0
2025-05-09 23:30:31.130,0.00,0.00,0.00,0.00,0.00,0.00,0,0
2025-05-09 23:30:31.156,0.00,0.00,0.00,0.00,0.00,0.00,0,0
2025-05-09 23:30:31.182,0.00,0.00,0.00,0.00,0.00,0.00,0,0
2025-05-09 23:30:31.211,0.00,0.00,0.00,0.00,0.00,0.00,0,0
2025-05-09 23:30:31.238,0.00,0.00,0.00,0.00,0.00,0.00,0,0
2025-05-09 23:30:31.263,0.00,0.00,0.00,0.00,0.00,0.00,0,0
2025-05-09 23:30:31.288,0.00,0.00,0.00,0.00,0.00,0.00,0,0
2025-05-09 23:30:31.315,0.00,0.00,0.00,0.00,0.00,0.00,0,0
2025-05-09 23:30:31.340,0.00,0.00,0.00,0.00,0.00,0.00,0,0
2025-05-09 23:30:31.364,0.00,0.00,0.00,0.00,0.00,0.00,0,0
2025-05-09 23:30:31.392,0.00,0.00,0.00,0.00,0.00,0.00,0,0
2025-05-09 23:30:31.420,0.00,0.00,0.00,0.00,0.00,0.00,0,0
2025-05-09 23:30:31.448,0.00,0.00,0.00,0.00,0.00,0.00,0,0
2025-05-09 23:30:31.473,0.00,0.00,0.00,0.00,0.00,0.00,0,0
2025-05-09 23:30:31.503,0.00,0.00,0.00,0.00,0.00,0.00,0,0
2025-05-09 23:30:31.529,0.00,0.00,0.00,0.00,0.00,0.00,0,0
2025-05-09 23:30:31.563,0.00,0.00,0.00,0.00,0.00,0.00,0,0
2025-05-09 23:30:31.596,0.00,0.00,0.00,0.00,0.00,0.00,0,0
2025-05-09 23:30:31.627,0.00,0.00,0.00,0.00,0.00,0.00,0,0
2025-05-09 23:30:31.656,0.00,0.00,0.00,0.00,0.00,0.00,0,0
2025-05-09 23:30:31.688,0.00,0.00,0.00,0.00,0.00,0.00,0,0
2025-05-09 23:30:31.717,0.00,0.00,0.00,0.00,0.00,0.00,0,0
2025-05-09 23:30:31.746,0.00,0.00,0.00,0.00,0.00,0.00,0,0
2025-05-09 23:30:31.772,0.00,0.00,0.00,0.00,0.00,0.00,0,0
2025-05-09 23:30:31.798,0.00,0.00,0.00,0.00,0.00,0.00,0,0
2025-05-09 23:30:31.828,0.00,0.00,0.00,0.00,0.00,0.00,0,0
2025-05-09 23:30:31.853,0.00,0.00,0.00,0.00,0.00,0.00,0,0
2025-05-09 23:30:31.878,0.00,0.00,0.00,0.00,0.00,0.00,0,0
2025-05-09 23:30:31.904,0.00,0.00,0.00,0.00,0.00,0.00,0,0
2025-05-09 23:30:31.928,0.00,0.00,0.00,0.00,0.00,0.00,0,0
2025-05-09 23:30:31.953,0.00,0.00,0.00,0.00,0.00,0.00,0,0
2025-05-09 23:30:31.979,0.00,0.00,0.00,0.00,0.00,0.00,0,0
2025-05-09 23:30:32.008,0.00,0.00,0.00,0.00,0.00,0.00,0,0
2025-05-09 23:30:32.037,0.00,0.00,0.00,0.00,0.00,0.00,0,0
2025-05-09 23:30:32.065,0.00,0.00,0.00,0.00,0.00,0.00,0,0
2025-05-09 23:30:32.095,0.00,0.00,0.00,0.00,0.00,0.00,0,0
2025-05-09 23:30:32.123,0.00,0.00,0.00,0.00,0.00,0.00,0,0
2025-05-09 23:30:32.148,0.00,0.00,0.00,0.00,0.00,0.00,0,0
2025-05-09 23:30:32.173,0.00,0.00,0.00,0.00,0.00,0.00,0,0
2025-05-09 23:30:32.202,0.00,0.00,0.00,0.00,0.00,0.00,0,0
2025-05-09 23:30:32.230,0.00,0.00,0.00,0.00,0.00,0.00,0,0
2025-05-09 23:30:32.256,0.00,0.00,0.00,0.00,0.00,0.00,0,0
2025-05-09 23:30:32.281,0.00,0.00,0.00,0.00,0.00,0.00,0,0
2025-05-09 23:30:32.310,0.00,0.00,0.00,0.00,0.00,0.00,0,0
2025-05-09 23:30:32.335,0.00,0.00,0.00,0.00,0.00,0.00,0,0
2025-05-09 23:30:32.362,0.00,0.00,0.00,0.00,0.00,0.00,0,0
2025-05-09 23:30:32.388,0.00,0.00,0.00,0.00,0.00,0.00,0,0
2025-05-09 23:30:32.413,0.00,0.00,0.00,0.00,0.00,0.00,0,0
2025-05-09 23:30:32.438,0.00,0.00,0.00,0.00,0.00,0.00,0,0
2025-05-09 23:30:32.467,0.00,0.00,0.00,0.00,0.00,0.00,0,0
2025-05-09 23:30:32.486,0.00,0.00,0.00,0.00,0.00,0.00,0,0
2025-05-09 23:30:32.506,0.00,0.00,0.00,0.00,0.00,0.00,0,0
2025-05-09 23:30:32.526,0.00,0.00,0.00,0.00,0.00,0.00,0,0
2025-05-09 23:30:32.549,0.00,0.00,0.00,0.00,0.00,0.00,0,0
2025-05-09 23:30:32.573,0.00,0.00,0.00,0.00,0.00,0.00,0,0
2025-05-09 23:30:32.598,0.00,0.00,0.00,0.00,0.00,0.00,0,0
2025-05-09 23:30:32.619,0.00,0.00,0.00,0.00,0.00,0.00,0,0
2025-05-09 23:30:32.641,0.00,0.00,0.00,0.00,0.00,0.00,0,0
2025-05-09 23:30:32.663,0.00,0.00,0.00,0.00,0.00,0.00,0,0
2025-05-09 23:30:32.686,9.60,1.73,0.36,4.52,0.81,0.17,0,0
2025-05-09 23:30:32.711,9.60,1.73,0.36,4.52,0.81,0.17,0,0
2025-05-09 23:30:32.732,9.60,1.73,0.36,4.52,0.81,0.17,0,0
2025-05-09 23:30:32.755,9.60,1.73,0.36,4.52,0.81,0.17,0,0
2025-05-09 23:30:32.777,9.60,1.73,0.36,4.52,0.81,0.17,0,0
2025-05-09 23:30:32.799,9.60,1.73,0.36,4.52,0.81,0.17,0,0
2025-05-09 23:30:32.820,9.60,1.73,0.36,4.52,0.81,0.17,0,0
2025-05-09 23:30:32.843,9.60,1.73,0.36,4.52,0.81,0.17,0,0
2025-05-09 23:30:32.865,9.60,1.73,0.36,4.52,0.81,0.17,0,0
2025-05-09 23:30:32.888,9.60,1.73,0.36,4.52,0.81,0.17,0,0
2025-05-09 23:30:32.911,9.60,1.73,0.36,4.52,0.81,0.17,0,0
2025-05-09 23:30:32.934,9.60,1.73,0.36,4.52,0.81,0.17,0,0
2025-05-09 23:30:32.955,9.60,1.73,0.36,4.52,0.81,0.17,0,0
2025-05-09 23:30:32.978,9.60,1.73,0.36,4.52,0.81,0.17,0,0
2025-05-09 23:30:32.999,9.60,1.73,0.36,4.52,0.81,0.17,0,0
2025-05-09 23:30:33.022,9.60,1.73,0.36,4.52,0.81,0.17,0,0
2025-05-09 23:30:33.043,9.60,1.73,0.36,4.52,0.81,0.17,0,0
2025-05-09 23:30:33.065,9.60,1.73,0.36,4.52,0.81,0.17,0,0
2025-05-09 23:30:33.088,9.60,1.73,0.36,4.52,0.81,0.17,0,0
2025-05-09 23:30:33.109,9.60,1.73,0.36,4.52,0.81,0.17,0,0
2025-05-09 23:30:33.132,9.60,1.73,0.36,4.52,0.81,0.17,0,0
2025-05-09 23:30:33.153,9.60,1.73,0.36,4.52,0.81,0.17,0,0
2025-05-09 23:30:33.177,9.60,1.73,0.36,4.52,0.81,0.17,0,0
2025-05-09 23:30:33.199,9.60,1.73,0.36,4.52,0.81,0.17,0,0
2025-05-09 23:30:33.221,9.60,1.73,0.36,4.52,0.81,0.17,0,0
2025-05-09 23:30:33.243,9.60,1.73,0.36,4.52,0.81,0.17,0,0
2025-05-09 23:30:33.264,9.60,1.73,0.36,4.52,0.81,0.17,0,0
2025-05-09 23:30:33.286,9.60,1.73,0.36,4.52,0.81,0.17,0,0
2025-05-09 23:30:33.306,9.60,1.73,0.36,4.52,0.81,0.17,0,0
2025-05-09 23:30:33.329,9.60,1.73,0.36,4.52,0.81,0.17,0,0
2025-05-09 23:30:33.352,9.60,1.73,0.36,4.52,0.81,0.17,0,0
2025-05-09 23:30:33.378,9.60,1.73,0.36,4.52,0.81,0.17,0,0
2025-05-09 23:30:33.408,9.60,1.73,0.36,4.52,0.81,0.17,0,0
2025-05-09 23:30:33.433,9.60,1.73,0.36,4.52,0.81,0.17,0,0
2025-05-09 23:30:33.455,9.60,1.73,0.36,4.52,0.81,0.17,0,0
2025-05-09 23:30:33.484,9.60,1.73,0.36,4.52,0.81,0.17,0,0
2025-05-09 23:30:33.508,9.60,1.73,0.36,4.52,0.81,0.17,0,0
2025-05-09 23:30:33.530,9.60,1.73,0.36,4.52,0.81,0.17,0,0
2025-05-09 23:30:33.553,9.60,1.73,0.36,4.52,0.81,0.17,0,0
2025-05-09 23:30:33.573,9.60,1.73,0.36,4.52,0.81,0.17,0,0
2025-05-09 23:30:33.596,9.60,1.73,0.36,4.52,0.81,0.17,0,0
2025-05-09 23:30:33.620,9.60,1.73,0.36,4.52,0.81,0.17,0,0
2025-05-09 23:30:33.643,9.60,1.73,0.36,4.52,0.81,0.17,0,0
2025-05-09 23:30:33.664,9.60,1.73,0.36,4.52,0.81,0.17,0,0
