Timestamp,Some (avg10),Some (avg60),Some (avg300),Full (avg10),Full (avg60),Full (avg300),OOM Kills,OOM Failures
2025-05-09 23:40:26.655,0.00,0.00,0.00,0.00,0.00,0.00,0,0
2025-05-09 23:40:26.682,0.00,0.00,0.00,0.00,0.00,0.00,0,0
2025-05-09 23:40:26.706,0.00,0.00,0.00,0.00,0.00,0.00,0,0
2025-05-09 23:40:26.732,0.00,0.00,0.00,0.00,0.00,0.00,0,0
2025-05-09 23:40:26.758,0.00,0.00,0.00,0.00,0.00,0.00,0,0
2025-05-09 23:40:26.785,0.00,0.00,0.00,0.00,0.00,0.00,0,0
2025-05-09 23:40:26.811,0.00,0.00,0.00,0.00,0.00,0.00,0,0
2025-05-09 23:40:26.837,0.00,0.00,0.00,0.00,0.00,0.00,0,0
2025-05-09 23:40:26.857,0.00,0.00,0.00,0.00,0.00,0.00,0,0
2025-05-09 23:40:26.882,0.00,0.00,0.00,0.00,0.00,0.00,0,0
2025-05-09 23:40:26.908,0.00,0.00,0.00,0.00,0.00,0.00,0,0
2025-05-09 23:40:26.932,0.00,0.00,0.00,0.00,0.00,0.00,0,0
2025-05-09 23:40:26.956,0.00,0.00,0.00,0.00,0.00,0.00,0,0
2025-05-09 23:40:26.985,0.00,0.00,0.00,0.00,0.00,0.00,0,0
2025-05-09 23:40:27.006,0.00,0.00,0.00,0.00,0.00,0.00,0,0
2025-05-09 23:40:27.035,0.00,0.00,0.00,0.00,0.00,0.00,0,0
2025-05-09 23:40:27.060,0.00,0.00,0.00,0.00,0.00,0.00,0,0
2025-05-09 23:40:27.084,0.00,0.00,0.00,0.00,0.00,0.00,0,0
2025-05-09 23:40:27.108,0.00,0.00,0.00,0.00,0.00,0.00,0,0
2025-05-09 23:40:27.133,0.00,0.00,0.00,0.00,0.00,0.00,0,0
2025-05-09 23:40:27.159,0.00,0.00,0.00,0.00,0.00,0.00,0,0
2025-05-09 23:40:27.187,0.00,0.00,0.00,0.00,0.00,0.00,0,0
2025-05-09 23:40:27.210,0.00,0.00,0.00,0.00,0.00,0.00,0,0
2025-05-09 23:40:27.233,0.00,0.00,0.00,0.00,0.00,0.00,0,0
2025-05-09 23:40:27.259,0.00,0.00,0.00,0.00,0.00,0.00,0,0
2025-05-09 23:40:27.285,0.00,0.00,0.00,0.00,0.00,0.00,0,0
2025-05-09 23:40:27.310,0.00,0.00,0.00,0.00,0.00,0.00,0,0
2025-05-09 23:40:27.334,0.00,0.00,0.00,0.00,0.00,0.00,0,0
2025-05-09 23:40:27.364,0.00,0.00,0.00,0.00,0.00,0.00,0,0
2025-05-09 23:40:27.389,0.00,0.00,0.00,0.00,0.00,0.00,0,0
2025-05-09 23:40:27.413,0.00,0.00,0.00,0.00,0.00,0.00,0,0
2025-05-09 23:40:27.443,0.00,0.00,0.00,0.00,0.00,0.00,0,0
2025-05-09 23:40:27.466,0.00,0.00,0.00,0.00,0.00,0.00,0,0
2025-05-09 23:40:27.495,0.00,0.00,0.00,0.00,0.00,0.00,0,0
2025-05-09 23:40:27.518,0.00,0.00,0.00,0.00,0.00,0.00,0,0
2025-05-09 23:40:27.542,0.00,0.00,0.00,0.00,0.00,0.00,0,0
2025-05-09 23:40:27.565,0.00,0.00,0.00,0.00,0.00,0.00,0,0
2025-05-09 23:40:27.589,0.00,0.00,0.00,0.00,0.00,0.00,0,0
2025-05-09 23:40:27.612,0.00,0.00,0.00,0.00,0.00,0.00,0,0
2025-05-09 23:40:27.637,0.00,0.00,0.00,0.00,0.00,0.00,0,0
2025-05-09 23:40:27.659,0.00,0.00,0.00,0.00,0.00,0.00,0,0
2025-05-09 23:40:27.684,0.00,0.00,0.00,0.00,0.00,0.00,0,0
2025-05-09 23:40:27.704,0.00,0.00,0.00,0.00,0.00,0.00,0,0
2025-05-09 23:40:27.728,0.00,0.00,0.00,0.00,0.00,0.00,0,0
2025-05-09 23:40:27.753,0.00,0.00,0.00,0.00,0.00,0.00,0,0
2025-05-09 23:40:27.777,0.00,0.00,0.00,0.00,0.00,0.00,0,0
2025-05-09 23:40:27.802,0.00,0.00,0.00,0.00,0.00,0.00,0,0
2025-05-09 23:40:27.827,0.00,0.00,0.00,0.00,0.00,0.00,0,0
2025-05-09 23:40:27.850,0.00,0.00,0.00,0.00,0.00,0.00,0,0
2025-05-09 23:40:27.874,0.00,0.00,0.00,0.00,0.00,0.00,0,0
2025-05-09 23:40:27.898,0.00,0.00,0.00,0.00,0.00,0.00,0,0
2025-05-09 23:40:27.921,0.00,0.00,0.00,0.00,0.00,0.00,0,0
2025-05-09 23:40:27.944,0.00,0.00,0.00,0.00,0.00,0.00,0,0
2025-05-09 23:40:27.967,0.00,0.00,0.00,0.00,0.00,0.00,0,0
2025-05-09 23:40:27.990,0.00,0.00,0.00,0.00,0.00,0.00,0,0
2025-05-09 23:40:28.014,0.00,0.00,0.00,0.00,0.00,0.00,0,0
2025-05-09 23:40:28.037,0.00,0.00,0.00,0.00,0.00,0.00,0,0
2025-05-09 23:40:28.060,0.00,0.00,0.00,0.00,0.00,0.00,0,0
2025-05-09 23:40:28.083,0.00,0.00,0.00,0.00,0.00,0.00,0,0
2025-05-09 23:40:28.111,0.00,0.00,0.00,0.00,0.00,0.00,0,0
2025-05-09 23:40:28.140,0.00,0.00,0.00,0.00,0.00,0.00,0,0
2025-05-09 23:40:28.165,0.00,0.00,0.00,0.00,0.00,0.00,0,0
2025-05-09 23:40:28.190,0.00,0.00,0.00,0.00,0.00,0.00,0,0
2025-05-09 23:40:28.209,0.00,0.00,0.00,0.00,0.00,0.00,0,0
2025-05-09 23:40:28.239,0.00,0.00,0.00,0.00,0.00,0.00,0,0
2025-05-09 23:40:28.264,0.00,0.00,0.00,0.00,0.00,0.00,0,0
2025-05-09 23:40:28.289,0.00,0.00,0.00,0.00,0.00,0.00,0,0
2025-05-09 23:40:28.313,0.00,0.00,0.00,0.00,0.00,0.00,0,0
2025-05-09 23:40:28.338,0.00,0.00,0.00,0.00,0.00,0.00,0,0
2025-05-09 23:40:28.366,0.00,0.00,0.00,0.00,0.00,0.00,0,0
2025-05-09 23:40:28.406,0.00,0.00,0.00,0.00,0.00,0.00,0,0
2025-05-09 23:40:28.440,0.00,0.00,0.00,0.00,0.00,0.00,0,0
2025-05-09 23:40:28.463,0.00,0.00,0.00,0.00,0.00,0.00,0,0
2025-05-09 23:40:28.486,0.00,0.00,0.00,0.00,0.00,0.00,0,0
2025-05-09 23:40:28.511,0.00,0.00,0.00,0.00,0.00,0.00,0,0
2025-05-09 23:40:28.537,0.00,0.00,0.00,0.00,0.00,0.00,0,0
2025-05-09 23:40:28.564,0.00,0.00,0.00,0.00,0.00,0.00,0,0
2025-05-09 23:40:28.585,0.00,0.00,0.00,0.00,0.00,0.00,0,0
2025-05-09 23:40:28.609,0.00,0.00,0.00,0.00,0.00,0.00,0,0
2025-05-09 23:40:28.634,0.00,0.00,0.00,0.00,0.00,0.00,0,0
2025-05-09 23:40:28.659,0.00,0.00,0.00,0.00,0.00,0.00,0,0
2025-05-09 23:40:28.682,0.00,0.00,0.00,0.00,0.00,0.00,0,0
2025-05-09 23:40:28.708,0.00,0.00,0.00,0.00,0.00,0.00,0,0
2025-05-09 23:40:28.732,0.00,0.00,0.00,0.00,0.00,0.00,0,0
2025-05-09 23:40:28.756,0.00,0.00,0.00,0.00,0.00,0.00,0,0
2025-05-09 23:40:28.783,0.00,0.00,0.00,0.00,0.00,0.00,0,0
2025-05-09 23:40:28.810,0.00,0.00,0.00,0.00,0.00,0.00,0,0
2025-05-09 23:40:28.833,0.00,0.00,0.00,0.00,0.00,0.00,0,0
2025-05-09 23:40:28.858,0.00,0.00,0.00,0.00,0.00,0.00,0,0
2025-05-09 23:40:28.881,0.00,0.00,0.00,0.00,0.00,0.00,0,0
2025-05-09 23:40:28.906,0.00,0.00,0.00,0.00,0.00,0.00,0,0
2025-05-09 23:40:28.931,0.00,0.00,0.00,0.00,0.00,0.00,0,0
2025-05-09 23:40:28.957,0.00,0.00,0.00,0.00,0.00,0.00,0,0
2025-05-09 23:40:28.985,0.00,0.00,0.00,0.00,0.00,0.00,0,0
2025-05-09 23:40:29.010,0.00,0.00,0.00,0.00,0.00,0.00,0,0
2025-05-09 23:40:29.033,0.00,0.00,0.00,0.00,0.00,0.00,0,0
2025-05-09 23:40:29.060,0.00,0.00,0.00,0.00,0.00,0.00,0,0
2025-05-09 23:40:29.084,0.00,0.00,0.00,0.00,0.00,0.00,0,0
2025-05-09 23:40:29.107,0.00,0.00,0.00,0.00,0.00,0.00,0,0
2025-05-09 23:40:29.132,0.00,0.00,0.00,0.00,0.00,0.00,0,0
2025-05-09 23:40:29.157,0.00,0.00,0.00,0.00,0.00,0.00,0,0
2025-05-09 23:40:29.182,0.00,0.00,0.00,0.00,0.00,0.00,0,0
2025-05-09 23:40:29.215,0.00,0.00,0.00,0.00,0.00,0.00,0,0
2025-05-09 23:40:29.243,0.00,0.00,0.00,0.00,0.00,0.00,0,0
2025-05-09 23:40:29.270,0.00,0.00,0.00,0.00,0.00,0.00,0,0
2025-05-09 23:40:29.300,0.00,0.00,0.00,0.00,0.00,0.00,0,0
2025-05-09 23:40:29.328,0.00,0.00,0.00,0.00,0.00,0.00,0,0
2025-05-09 23:40:29.355,0.00,0.00,0.00,0.00,0.00,0.00,0,0
2025-05-09 23:40:29.384,0.00,0.00,0.00,0.00,0.00,0.00,0,0
2025-05-09 23:40:29.418,0.00,0.00,0.00,0.00,0.00,0.00,0,0
2025-05-09 23:40:29.448,0.00,0.00,0.00,0.00,0.00,0.00,0,0
2025-05-09 23:40:29.477,0.00,0.00,0.00,0.00,0.00,0.00,0,0
2025-05-09 23:40:29.510,0.00,0.00,0.00,0.00,0.00,0.00,0,0
2025-05-09 23:40:29.543,0.00,0.00,0.00,0.00,0.00,0.00,0,0
2025-05-09 23:40:29.578,0.00,0.00,0.00,0.00,0.00,0.00,0,0
2025-05-09 23:40:29.612,0.00,0.00,0.00,0.00,0.00,0.00,0,0
2025-05-09 23:40:29.641,0.00,0.00,0.00,0.00,0.00,0.00,0,0
2025-05-09 23:40:29.666,0.00,0.00,0.00,0.00,0.00,0.00,0,0
2025-05-09 23:40:29.695,0.00,0.00,0.00,0.00,0.00,0.00,0,0
2025-05-09 23:40:29.724,0.00,0.00,0.00,0.00,0.00,0.00,0,0
2025-05-09 23:40:29.753,0.00,0.00,0.00,0.00,0.00,0.00,0,0
2025-05-09 23:40:29.781,0.00,0.00,0.00,0.00,0.00,0.00,0,0
2025-05-09 23:40:29.811,0.00,0.00,0.00,0.00,0.00,0.00,0,0
2025-05-09 23:40:29.839,0.00,0.00,0.00,0.00,0.00,0.00,0,0
2025-05-09 23:40:29.868,0.00,0.00,0.00,0.00,0.00,0.00,0,0
2025-05-09 23:40:29.898,0.00,0.00,0.00,0.00,0.00,0.00,0,0
2025-05-09 23:40:29.925,0.00,0.00,0.00,0.00,0.00,0.00,0,0
2025-05-09 23:40:29.955,0.00,0.00,0.00,0.00,0.00,0.00,0,0
2025-05-09 23:40:29.983,0.00,0.00,0.00,0.00,0.00,0.00,0,0
2025-05-09 23:40:30.011,0.00,0.00,0.00,0.00,0.00,0.00,0,0
2025-05-09 23:40:30.041,0.00,0.00,0.00,0.00,0.00,0.00,0,0
2025-05-09 23:40:30.071,0.00,0.00,0.00,0.00,0.00,0.00,0,0
2025-05-09 23:40:30.098,0.00,0.00,0.00,0.00,0.00,0.00,0,0
2025-05-09 23:40:30.131,0.00,0.00,0.00,0.00,0.00,0.00,0,0
2025-05-09 23:40:30.166,0.00,0.00,0.00,0.00,0.00,0.00,0,0
2025-05-09 23:40:30.194,0.00,0.00,0.00,0.00,0.00,0.00,0,0
2025-05-09 23:40:30.223,0.00,0.00,0.00,0.00,0.00,0.00,0,0
2025-05-09 23:40:30.254,0.00,0.00,0.00,0.00,0.00,0.00,0,0
2025-05-09 23:40:30.284,0.00,0.00,0.00,0.00,0.00,0.00,0,0
2025-05-09 23:40:30.315,0.00,0.00,0.00,0.00,0.00,0.00,0,0
2025-05-09 23:40:30.344,0.00,0.00,0.00,0.00,0.00,0.00,0,0
2025-05-09 23:40:30.374,0.00,0.00,0.00,0.00,0.00,0.00,0,0
2025-05-09 23:40:30.403,0.00,0.00,0.00,0.00,0.00,0.00,0,0
2025-05-09 23:40:30.430,0.00,0.00,0.00,0.00,0.00,0.00,0,0
2025-05-09 23:40:30.461,0.00,0.00,0.00,0.00,0.00,0.00,0,0
2025-05-09 23:40:30.486,0.00,0.00,0.00,0.00,0.00,0.00,0,0
2025-05-09 23:40:30.510,0.00,0.00,0.00,0.00,0.00,0.00,0,0
2025-05-09 23:40:30.537,0.00,0.00,0.00,0.00,0.00,0.00,0,0
2025-05-09 23:40:30.561,0.00,0.00,0.00,0.00,0.00,0.00,0,0
2025-05-09 23:40:30.588,0.00,0.00,0.00,0.00,0.00,0.00,0,0
2025-05-09 23:40:30.614,0.00,0.00,0.00,0.00,0.00,0.00,0,0
2025-05-09 23:40:30.641,0.00,0.00,0.00,0.00,0.00,0.00,0,0
2025-05-09 23:40:30.666,0.00,0.00,0.00,0.00,0.00,0.00,0,0
2025-05-09 23:40:30.694,0.00,0.00,0.00,0.00,0.00,0.00,0,0
2025-05-09 23:40:30.722,0.00,0.00,0.00,0.00,0.00,0.00,0,0
2025-05-09 23:40:30.748,0.00,0.00,0.00,0.00,0.00,0.00,0,0
2025-05-09 23:40:30.777,0.00,0.00,0.00,0.00,0.00,0.00,0,0
2025-05-09 23:40:30.799,0.00,0.00,0.00,0.00,0.00,0.00,0,0
2025-05-09 23:40:30.827,0.00,0.00,0.00,0.00,0.00,0.00,0,0
2025-05-09 23:40:30.849,0.00,0.00,0.00,0.00,0.00,0.00,0,0
2025-05-09 23:40:30.876,0.00,0.00,0.00,0.00,0.00,0.00,0,0
2025-05-09 23:40:30.905,0.00,0.00,0.00,0.00,0.00,0.00,0,0
2025-05-09 23:40:30.933,0.00,0.00,0.00,0.00,0.00,0.00,0,0
2025-05-09 23:40:30.958,0.00,0.00,0.00,0.00,0.00,0.00,0,0
2025-05-09 23:40:30.985,0.00,0.00,0.00,0.00,0.00,0.00,0,0
2025-05-09 23:40:31.008,0.00,0.00,0.00,0.00,0.00,0.00,0,0
2025-05-09 23:40:31.042,0.00,0.00,0.00,0.00,0.00,0.00,0,0
2025-05-09 23:40:31.068,0.00,0.00,0.00,0.00,0.00,0.00,0,0
2025-05-09 23:40:31.093,0.00,0.00,0.00,0.00,0.00,0.00,0,0
2025-05-09 23:40:31.117,0.00,0.00,0.00,0.00,0.00,0.00,0,0
2025-05-09 23:40:31.148,0.00,0.00,0.00,0.00,0.00,0.00,0,0
2025-05-09 23:40:31.170,0.00,0.00,0.00,0.00,0.00,0.00,0,0
2025-05-09 23:40:31.195,0.00,0.00,0.00,0.00,0.00,0.00,0,0
2025-05-09 23:40:31.220,0.00,0.00,0.00,0.00,0.00,0.00,0,0
2025-05-09 23:40:31.245,0.00,0.00,0.00,0.00,0.00,0.00,0,0
2025-05-09 23:40:31.268,0.00,0.00,0.00,0.00,0.00,0.00,0,0
2025-05-09 23:40:31.296,0.00,0.00,0.00,0.00,0.00,0.00,0,0
2025-05-09 23:40:31.319,0.00,0.00,0.00,0.00,0.00,0.00,0,0
2025-05-09 23:40:31.337,0.00,0.00,0.00,0.00,0.00,0.00,0,0
2025-05-09 23:40:31.355,0.00,0.00,0.00,0.00,0.00,0.00,0,0
2025-05-09 23:40:31.374,0.00,0.00,0.00,0.00,0.00,0.00,0,0
2025-05-09 23:40:31.394,0.00,0.00,0.00,0.00,0.00,0.00,0,0
2025-05-09 23:40:31.412,0.00,0.00,0.00,0.00,0.00,0.00,0,0
2025-05-09 23:40:31.431,0.00,0.00,0.00,0.00,0.00,0.00,0,0
2025-05-09 23:40:31.452,0.00,0.00,0.00,0.00,0.00,0.00,0,0
2025-05-09 23:40:31.470,0.00,0.00,0.00,0.00,0.00,0.00,0,0
2025-05-09 23:40:31.490,0.00,0.00,0.00,0.00,0.00,0.00,0,0
2025-05-09 23:40:31.509,0.00,0.00,0.00,0.00,0.00,0.00,0,0
2025-05-09 23:40:31.528,0.00,0.00,0.00,0.00,0.00,0.00,0,0
2025-05-09 23:40:31.547,10.32,1.86,0.38,5.25,0.94,0.19,0,0
2025-05-09 23:40:31.566,10.32,1.86,0.38,5.25,0.94,0.19,0,0
2025-05-09 23:40:31.585,10.32,1.86,0.38,5.25,0.94,0.19,0,0
2025-05-09 23:40:31.612,10.32,1.86,0.38,5.25,0.94,0.19,0,0
2025-05-09 23:40:31.638,10.32,1.86,0.38,5.25,0.94,0.19,0,0
2025-05-09 23:40:31.668,10.32,1.86,0.38,5.25,0.94,0.19,0,0
2025-05-09 23:40:31.694,10.32,1.86,0.38,5.25,0.94,0.19,0,0
2025-05-09 23:40:31.720,10.32,1.86,0.38,5.25,0.94,0.19,0,0
2025-05-09 23:40:31.745,10.32,1.86,0.38,5.25,0.94,0.19,0,0
2025-05-09 23:40:31.770,10.32,1.86,0.38,5.25,0.94,0.19,0,0
2025-05-09 23:40:31.795,10.32,1.86,0.38,5.25,0.94,0.19,0,0
2025-05-09 23:40:31.820,10.32,1.86,0.38,5.25,0.94,0.19,0,0
2025-05-09 23:40:31.844,10.32,1.86,0.38,5.25,0.94,0.19,0,0
2025-05-09 23:40:31.868,10.32,1.86,0.38,5.25,0.94,0.19,0,0
2025-05-09 23:40:31.898,10.32,1.86,0.38,5.25,0.94,0.19,0,0
2025-05-09 23:40:31.922,10.32,1.86,0.38,5.25,0.94,0.19,0,0
2025-05-09 23:40:31.945,10.32,1.86,0.38,5.25,0.94,0.19,0,0
2025-05-09 23:40:31.966,10.32,1.86,0.38,5.25,0.94,0.19,0,0
2025-05-09 23:40:31.990,10.32,1.86,0.38,5.25,0.94,0.19,0,0
2025-05-09 23:40:32.015,10.32,1.86,0.38,5.25,0.94,0.19,0,0
2025-05-09 23:40:32.037,10.32,1.86,0.38,5.25,0.94,0.19,0,0
2025-05-09 23:40:32.060,10.32,1.86,0.38,5.25,0.94,0.19,0,0
2025-05-09 23:40:32.080,10.32,1.86,0.38,5.25,0.94,0.19,0,0
2025-05-09 23:40:32.102,10.32,1.86,0.38,5.25,0.94,0.19,0,0
2025-05-09 23:40:32.123,10.32,1.86,0.38,5.25,0.94,0.19,0,0
2025-05-09 23:40:32.146,10.32,1.86,0.38,5.25,0.94,0.19,0,0
2025-05-09 23:40:32.169,10.32,1.86,0.38,5.25,0.94,0.19,0,0
2025-05-09 23:40:32.192,10.32,1.86,0.38,5.25,0.94,0.19,0,0
2025-05-09 23:40:32.214,10.32,1.86,0.38,5.25,0.94,0.19,0,0
2025-05-09 23:40:32.236,10.32,1.86,0.38,5.25,0.94,0.19,0,0
2025-05-09 23:40:32.258,10.32,1.86,0.38,5.25,0.94,0.19,0,0
2025-05-09 23:40:32.279,10.32,1.86,0.38,5.25,0.94,0.19,0,0
2025-05-09 23:40:32.302,10.32,1.86,0.38,5.25,0.94,0.19,0,0
2025-05-09 23:40:32.324,10.32,1.86,0.38,5.25,0.94,0.19,0,0
2025-05-09 23:40:32.347,10.32,1.86,0.38,5.25,0.94,0.19,0,0
2025-05-09 23:40:32.370,10.32,1.86,0.38,5.25,0.94,0.19,0,0
2025-05-09 23:40:32.394,10.32,1.86,0.38,5.25,0.94,0.19,0,0
2025-05-09 23:40:32.416,10.32,1.86,0.38,5.25,0.94,0.19,0,0
2025-05-09 23:40:32.439,10.32,1.86,0.38,5.25,0.94,0.19,0,0
2025-05-09 23:40:32.461,10.32,1.86,0.38,5.25,0.94,0.19,0,0
2025-05-09 23:40:32.482,10.32,1.86,0.38,5.25,0.94,0.19,0,0
2025-05-09 23:40:32.504,10.32,1.86,0.38,5.25,0.94,0.19,0,0
2025-05-09 23:40:32.526,10.32,1.86,0.38,5.25,0.94,0.19,0,0
2025-05-09 23:40:32.548,10.32,1.86,0.38,5.25,0.94,0.19,0,0
2025-05-09 23:40:32.572,10.32,1.86,0.38,5.25,0.94,0.19,0,0
2025-05-09 23:40:32.594,10.32,1.86,0.38,5.25,0.94,0.19,0,0
2025-05-09 23:40:32.617,10.32,1.86,0.38,5.25,0.94,0.19,0,0
2025-05-09 23:40:32.639,10.32,1.86,0.38,5.25,0.94,0.19,0,0
2025-05-09 23:40:32.660,10.32,1.86,0.38,5.25,0.94,0.19,0,0
2025-05-09 23:40:32.683,10.32,1.86,0.38,5.25,0.94,0.19,0,0
2025-05-09 23:40:32.712,10.32,1.86,0.38,5.25,0.94,0.19,0,0
2025-05-09 23:40:32.734,10.32,1.86,0.38,5.25,0.94,0.19,0,0
2025-05-09 23:40:32.761,10.32,1.86,0.38,5.25,0.94,0.19,0,0
2025-05-09 23:40:32.784,10.32,1.86,0.38,5.25,0.94,0.19,0,0
2025-05-09 23:40:32.815,10.32,1.86,0.38,5.25,0.94,0.19,0,0
2025-05-09 23:40:32.839,10.32,1.86,0.38,5.25,0.94,0.19,0,0
2025-05-09 23:40:32.861,10.32,1.86,0.38,5.25,0.94,0.19,0,0
2025-05-09 23:40:32.885,10.32,1.86,0.38,5.25,0.94,0.19,0,0
2025-05-09 23:40:32.907,10.32,1.86,0.38,5.25,0.94,0.19,0,0
2025-05-09 23:40:32.935,10.32,1.86,0.38,5.25,0.94,0.19,0,0
2025-05-09 23:40:32.957,10.32,1.86,0.38,5.25,0.94,0.19,0,0
2025-05-09 23:40:32.980,10.32,1.86,0.38,5.25,0.94,0.19,0,0
2025-05-09 23:40:33.002,10.32,1.86,0.38,5.25,0.94,0.19,0,0
2025-05-09 23:40:33.023,10.32,1.86,0.38,5.25,0.94,0.19,0,0
