Timestamp,Some (avg10),Some (avg60),Some (avg300),Full (avg10),Full (avg60),Full (avg300),OOM Kills,OOM Failures
2025-05-09 23:40:36.953,0.00,0.00,0.00,0.00,0.00,0.00,0,0
2025-05-09 23:40:36.983,0.00,0.00,0.00,0.00,0.00,0.00,0,0
2025-05-09 23:40:37.008,0.00,0.00,0.00,0.00,0.00,0.00,0,0
2025-05-09 23:40:37.032,0.00,0.00,0.00,0.00,0.00,0.00,0,0
2025-05-09 23:40:37.062,0.00,0.00,0.00,0.00,0.00,0.00,0,0
2025-05-09 23:40:37.086,0.00,0.00,0.00,0.00,0.00,0.00,0,0
2025-05-09 23:40:37.115,0.00,0.00,0.00,0.00,0.00,0.00,0,0
2025-05-09 23:40:37.139,0.00,0.00,0.00,0.00,0.00,0.00,0,0
2025-05-09 23:40:37.164,0.00,0.00,0.00,0.00,0.00,0.00,0,0
2025-05-09 23:40:37.186,0.00,0.00,0.00,0.00,0.00,0.00,0,0
2025-05-09 23:40:37.212,0.00,0.00,0.00,0.00,0.00,0.00,0,0
2025-05-09 23:40:37.237,0.00,0.00,0.00,0.00,0.00,0.00,0,0
2025-05-09 23:40:37.259,0.00,0.00,0.00,0.00,0.00,0.00,0,0
2025-05-09 23:40:37.289,0.00,0.00,0.00,0.00,0.00,0.00,0,0
2025-05-09 23:40:37.311,0.00,0.00,0.00,0.00,0.00,0.00,0,0
2025-05-09 23:40:37.336,0.00,0.00,0.00,0.00,0.00,0.00,0,0
2025-05-09 23:40:37.361,0.00,0.00,0.00,0.00,0.00,0.00,0,0
2025-05-09 23:40:37.381,0.00,0.00,0.00,0.00,0.00,0.00,0,0
2025-05-09 23:40:37.406,0.00,0.00,0.00,0.00,0.00,0.00,0,0
2025-05-09 23:40:37.433,0.00,0.00,0.00,0.00,0.00,0.00,0,0
2025-05-09 23:40:37.460,0.00,0.00,0.00,0.00,0.00,0.00,0,0
2025-05-09 23:40:37.487,0.00,0.00,0.00,0.00,0.00,0.00,0,0
2025-05-09 23:40:37.511,0.00,0.00,0.00,0.00,0.00,0.00,0,0
2025-05-09 23:40:37.537,0.00,0.00,0.00,0.00,0.00,0.00,0,0
2025-05-09 23:40:37.562,0.00,0.00,0.00,0.00,0.00,0.00,0,0
2025-05-09 23:40:37.589,0.00,0.00,0.00,0.00,0.00,0.00,0,0
2025-05-09 23:40:37.619,0.00,0.00,0.00,0.00,0.00,0.00,0,0
2025-05-09 23:40:37.644,0.00,0.00,0.00,0.00,0.00,0.00,0,0
2025-05-09 23:40:37.663,0.00,0.00,0.00,0.00,0.00,0.00,0,0
2025-05-09 23:40:37.689,0.00,0.00,0.00,0.00,0.00,0.00,0,0
2025-05-09 23:40:37.712,0.00,0.00,0.00,0.00,0.00,0.00,0,0
2025-05-09 23:40:37.737,0.00,0.00,0.00,0.00,0.00,0.00,0,0
2025-05-09 23:40:37.761,0.00,0.00,0.00,0.00,0.00,0.00,0,0
2025-05-09 23:40:37.785,0.00,0.00,0.00,0.00,0.00,0.00,0,0
2025-05-09 23:40:37.814,0.00,0.00,0.00,0.00,0.00,0.00,0,0
2025-05-09 23:40:37.842,0.00,0.00,0.00,0.00,0.00,0.00,0,0
2025-05-09 23:40:37.866,0.00,0.00,0.00,0.00,0.00,0.00,0,0
2025-05-09 23:40:37.888,0.00,0.00,0.00,0.00,0.00,0.00,0,0
2025-05-09 23:40:37.912,0.00,0.00,0.00,0.00,0.00,0.00,0,0
2025-05-09 23:40:37.936,0.00,0.00,0.00,0.00,0.00,0.00,0,0
2025-05-09 23:40:37.959,0.00,0.00,0.00,0.00,0.00,0.00,0,0
2025-05-09 23:40:37.982,0.00,0.00,0.00,0.00,0.00,0.00,0,0
2025-05-09 23:40:38.007,0.00,0.00,0.00,0.00,0.00,0.00,0,0
2025-05-09 23:40:38.028,0.00,0.00,0.00,0.00,0.00,0.00,0,0
2025-05-09 23:40:38.054,0.00,0.00,0.00,0.00,0.00,0.00,0,0
2025-05-09 23:40:38.079,0.00,0.00,0.00,0.00,0.00,0.00,0,0
2025-05-09 23:40:38.101,0.00,0.00,0.00,0.00,0.00,0.00,0,0
2025-05-09 23:40:38.126,0.00,0.00,0.00,0.00,0.00,0.00,0,0
2025-05-09 23:40:38.152,0.00,0.00,0.00,0.00,0.00,0.00,0,0
2025-05-09 23:40:38.177,0.00,0.00,0.00,0.00,0.00,0.00,0,0
2025-05-09 23:40:38.200,0.00,0.00,0.00,0.00,0.00,0.00,0,0
2025-05-09 23:40:38.223,0.00,0.00,0.00,0.00,0.00,0.00,0,0
2025-05-09 23:40:38.244,0.00,0.00,0.00,0.00,0.00,0.00,0,0
2025-05-09 23:40:38.268,0.00,0.00,0.00,0.00,0.00,0.00,0,0
2025-05-09 23:40:38.291,0.00,0.00,0.00,0.00,0.00,0.00,0,0
2025-05-09 23:40:38.313,0.00,0.00,0.00,0.00,0.00,0.00,0,0
2025-05-09 23:40:38.338,0.00,0.00,0.00,0.00,0.00,0.00,0,0
2025-05-09 23:40:38.365,0.00,0.00,0.00,0.00,0.00,0.00,0,0
2025-05-09 23:40:38.387,0.00,0.00,0.00,0.00,0.00,0.00,0,0
2025-05-09 23:40:38.411,0.00,0.00,0.00,0.00,0.00,0.00,0,0
2025-05-09 23:40:38.442,0.00,0.00,0.00,0.00,0.00,0.00,0,0
2025-05-09 23:40:38.467,0.00,0.00,0.00,0.00,0.00,0.00,0,0
2025-05-09 23:40:38.495,0.00,0.00,0.00,0.00,0.00,0.00,0,0
2025-05-09 23:40:38.516,0.00,0.00,0.00,0.00,0.00,0.00,0,0
2025-05-09 23:40:38.541,0.00,0.00,0.00,0.00,0.00,0.00,0,0
2025-05-09 23:40:38.567,0.00,0.00,0.00,0.00,0.00,0.00,0,0
2025-05-09 23:40:38.591,0.00,0.00,0.00,0.00,0.00,0.00,0,0
2025-05-09 23:40:38.616,0.00,0.00,0.00,0.00,0.00,0.00,0,0
2025-05-09 23:40:38.641,0.00,0.00,0.00,0.00,0.00,0.00,0,0
2025-05-09 23:40:38.670,0.00,0.00,0.00,0.00,0.00,0.00,0,0
2025-05-09 23:40:38.697,0.00,0.00,0.00,0.00,0.00,0.00,0,0
2025-05-09 23:40:38.721,0.00,0.00,0.00,0.00,0.00,0.00,0,0
2025-05-09 23:40:38.771,0.00,0.00,0.00,0.00,0.00,0.00,0,0
2025-05-09 23:40:38.791,0.00,0.00,0.00,0.00,0.00,0.00,0,0
2025-05-09 23:40:38.816,0.00,0.00,0.00,0.00,0.00,0.00,0,0
2025-05-09 23:40:38.840,0.00,0.00,0.00,0.00,0.00,0.00,0,0
2025-05-09 23:40:38.866,0.00,0.00,0.00,0.00,0.00,0.00,0,0
2025-05-09 23:40:38.890,0.00,0.00,0.00,0.00,0.00,0.00,0,0
2025-05-09 23:40:38.914,0.00,0.00,0.00,0.00,0.00,0.00,0,0
2025-05-09 23:40:38.944,0.00,0.00,0.00,0.00,0.00,0.00,0,0
2025-05-09 23:40:38.970,0.00,0.00,0.00,0.00,0.00,0.00,0,0
2025-05-09 23:40:38.994,0.00,0.00,0.00,0.00,0.00,0.00,0,0
2025-05-09 23:40:39.020,0.00,0.00,0.00,0.00,0.00,0.00,0,0
2025-05-09 23:40:39.046,0.00,0.00,0.00,0.00,0.00,0.00,0,0
2025-05-09 23:40:39.071,0.00,0.00,0.00,0.00,0.00,0.00,0,0
2025-05-09 23:40:39.096,0.00,0.00,0.00,0.00,0.00,0.00,0,0
2025-05-09 23:40:39.120,0.00,0.00,0.00,0.00,0.00,0.00,0,0
2025-05-09 23:40:39.145,0.00,0.00,0.00,0.00,0.00,0.00,0,0
2025-05-09 23:40:39.170,0.00,0.00,0.00,0.00,0.00,0.00,0,0
2025-05-09 23:40:39.195,0.00,0.00,0.00,0.00,0.00,0.00,0,0
2025-05-09 23:40:39.219,0.00,0.00,0.00,0.00,0.00,0.00,0,0
2025-05-09 23:40:39.244,0.00,0.00,0.00,0.00,0.00,0.00,0,0
2025-05-09 23:40:39.270,0.00,0.00,0.00,0.00,0.00,0.00,0,0
2025-05-09 23:40:39.298,0.00,0.00,0.00,0.00,0.00,0.00,0,0
2025-05-09 23:40:39.321,0.00,0.00,0.00,0.00,0.00,0.00,0,0
2025-05-09 23:40:39.350,0.00,0.00,0.00,0.00,0.00,0.00,0,0
2025-05-09 23:40:39.378,0.00,0.00,0.00,0.00,0.00,0.00,0,0
2025-05-09 23:40:39.408,0.00,0.00,0.00,0.00,0.00,0.00,0,0
2025-05-09 23:40:39.428,0.00,0.00,0.00,0.00,0.00,0.00,0,0
2025-05-09 23:40:39.454,0.00,0.00,0.00,0.00,0.00,0.00,0,0
2025-05-09 23:40:39.480,0.00,0.00,0.00,0.00,0.00,0.00,0,0
2025-05-09 23:40:39.508,0.00,0.00,0.00,0.00,0.00,0.00,0,0
2025-05-09 23:40:39.528,0.00,0.00,0.00,0.00,0.00,0.00,0,0
2025-05-09 23:40:39.554,0.00,0.00,0.00,0.00,0.00,0.00,0,0
2025-05-09 23:40:39.582,0.00,0.00,0.00,0.00,0.00,0.00,0,0
2025-05-09 23:40:39.607,0.00,0.00,0.00,0.00,0.00,0.00,0,0
2025-05-09 23:40:39.635,0.00,0.00,0.00,0.00,0.00,0.00,0,0
2025-05-09 23:40:39.659,0.00,0.00,0.00,0.00,0.00,0.00,0,0
2025-05-09 23:40:39.684,0.00,0.00,0.00,0.00,0.00,0.00,0,0
2025-05-09 23:40:39.707,0.00,0.00,0.00,0.00,0.00,0.00,0,0
2025-05-09 23:40:39.732,0.00,0.00,0.00,0.00,0.00,0.00,0,0
2025-05-09 23:40:39.752,0.00,0.00,0.00,0.00,0.00,0.00,0,0
2025-05-09 23:40:39.777,0.00,0.00,0.00,0.00,0.00,0.00,0,0
2025-05-09 23:40:39.803,0.00,0.00,0.00,0.00,0.00,0.00,0,0
2025-05-09 23:40:39.829,0.00,0.00,0.00,0.00,0.00,0.00,0,0
2025-05-09 23:40:39.853,0.00,0.00,0.00,0.00,0.00,0.00,0,0
2025-05-09 23:40:39.881,0.00,0.00,0.00,0.00,0.00,0.00,0,0
2025-05-09 23:40:39.910,0.00,0.00,0.00,0.00,0.00,0.00,0,0
2025-05-09 23:40:39.936,0.00,0.00,0.00,0.00,0.00,0.00,0,0
2025-05-09 23:40:39.959,0.00,0.00,0.00,0.00,0.00,0.00,0,0
2025-05-09 23:40:39.985,0.00,0.00,0.00,0.00,0.00,0.00,0,0
2025-05-09 23:40:40.010,0.00,0.00,0.00,0.00,0.00,0.00,0,0
2025-05-09 23:40:40.037,0.00,0.00,0.00,0.00,0.00,0.00,0,0
2025-05-09 23:40:40.061,0.00,0.00,0.00,0.00,0.00,0.00,0,0
2025-05-09 23:40:40.087,0.00,0.00,0.00,0.00,0.00,0.00,0,0
2025-05-09 23:40:40.113,0.00,0.00,0.00,0.00,0.00,0.00,0,0
2025-05-09 23:40:40.138,0.00,0.00,0.00,0.00,0.00,0.00,0,0
2025-05-09 23:40:40.162,0.00,0.00,0.00,0.00,0.00,0.00,0,0
2025-05-09 23:40:40.185,0.00,0.00,0.00,0.00,0.00,0.00,0,0
2025-05-09 23:40:40.210,0.00,0.00,0.00,0.00,0.00,0.00,0,0
2025-05-09 23:40:40.234,0.00,0.00,0.00,0.00,0.00,0.00,0,0
2025-05-09 23:40:40.259,0.00,0.00,0.00,0.00,0.00,0.00,0,0
2025-05-09 23:40:40.286,0.00,0.00,0.00,0.00,0.00,0.00,0,0
2025-05-09 23:40:40.311,0.00,0.00,0.00,0.00,0.00,0.00,0,0
2025-05-09 23:40:40.362,0.00,0.00,0.00,0.00,0.00,0.00,0,0
2025-05-09 23:40:40.394,0.00,0.00,0.00,0.00,0.00,0.00,0,0
2025-05-09 23:40:40.415,0.00,0.00,0.00,0.00,0.00,0.00,0,0
2025-05-09 23:40:40.471,0.00,0.00,0.00,0.00,0.00,0.00,0,0
2025-05-09 23:40:40.489,0.00,0.00,0.00,0.00,0.00,0.00,0,0
2025-05-09 23:40:40.516,0.00,0.00,0.00,0.00,0.00,0.00,0,0
2025-05-09 23:40:40.547,0.00,0.00,0.00,0.00,0.00,0.00,0,0
2025-05-09 23:40:40.573,0.00,0.00,0.00,0.00,0.00,0.00,0,0
2025-05-09 23:40:40.598,0.00,0.00,0.00,0.00,0.00,0.00,0,0
2025-05-09 23:40:40.627,0.00,0.00,0.00,0.00,0.00,0.00,0,0
2025-05-09 23:40:40.654,0.00,0.00,0.00,0.00,0.00,0.00,0,0
2025-05-09 23:40:40.679,0.00,0.00,0.00,0.00,0.00,0.00,0,0
2025-05-09 23:40:40.707,0.00,0.00,0.00,0.00,0.00,0.00,0,0
2025-05-09 23:40:40.733,0.00,0.00,0.00,0.00,0.00,0.00,0,0
2025-05-09 23:40:40.758,0.00,0.00,0.00,0.00,0.00,0.00,0,0
2025-05-09 23:40:40.787,0.00,0.00,0.00,0.00,0.00,0.00,0,0
2025-05-09 23:40:40.812,0.00,0.00,0.00,0.00,0.00,0.00,0,0
2025-05-09 23:40:40.839,0.00,0.00,0.00,0.00,0.00,0.00,0,0
2025-05-09 23:40:40.865,0.00,0.00,0.00,0.00,0.00,0.00,0,0
2025-05-09 23:40:40.889,0.00,0.00,0.00,0.00,0.00,0.00,0,0
2025-05-09 23:40:40.913,0.00,0.00,0.00,0.00,0.00,0.00,0,0
2025-05-09 23:40:40.941,0.00,0.00,0.00,0.00,0.00,0.00,0,0
2025-05-09 23:40:40.968,0.00,0.00,0.00,0.00,0.00,0.00,0,0
2025-05-09 23:40:40.996,0.00,0.00,0.00,0.00,0.00,0.00,0,0
2025-05-09 23:40:41.021,0.00,0.00,0.00,0.00,0.00,0.00,0,0
2025-05-09 23:40:41.051,0.00,0.00,0.00,0.00,0.00,0.00,0,0
2025-05-09 23:40:41.081,0.00,0.00,0.00,0.00,0.00,0.00,0,0
2025-05-09 23:40:41.103,0.00,0.00,0.00,0.00,0.00,0.00,0,0
2025-05-09 23:40:41.132,0.00,0.00,0.00,0.00,0.00,0.00,0,0
2025-05-09 23:40:41.160,0.00,0.00,0.00,0.00,0.00,0.00,0,0
2025-05-09 23:40:41.187,0.00,0.00,0.00,0.00,0.00,0.00,0,0
2025-05-09 23:40:41.205,0.00,0.00,0.00,0.00,0.00,0.00,0,0
2025-05-09 23:40:41.227,0.00,0.00,0.00,0.00,0.00,0.00,0,0
2025-05-09 23:40:41.246,0.00,0.00,0.00,0.00,0.00,0.00,0,0
2025-05-09 23:40:41.271,0.00,0.00,0.00,0.00,0.00,0.00,0,0
2025-05-09 23:40:41.294,0.00,0.00,0.00,0.00,0.00,0.00,0,0
2025-05-09 23:40:41.319,0.00,0.00,0.00,0.00,0.00,0.00,0,0
2025-05-09 23:40:41.344,0.00,0.00,0.00,0.00,0.00,0.00,0,0
2025-05-09 23:40:41.366,0.00,0.00,0.00,0.00,0.00,0.00,0,0
2025-05-09 23:40:41.389,0.00,0.00,0.00,0.00,0.00,0.00,0,0
2025-05-09 23:40:41.411,0.00,0.00,0.00,0.00,0.00,0.00,0,0
2025-05-09 23:40:41.434,0.00,0.00,0.00,0.00,0.00,0.00,0,0
2025-05-09 23:40:41.457,0.00,0.00,0.00,0.00,0.00,0.00,0,0
2025-05-09 23:40:41.477,0.00,0.00,0.00,0.00,0.00,0.00,0,0
2025-05-09 23:40:41.499,0.00,0.00,0.00,0.00,0.00,0.00,0,0
2025-05-09 23:40:41.522,0.00,0.00,0.00,0.00,0.00,0.00,0,0
2025-05-09 23:40:41.544,0.00,0.00,0.00,0.00,0.00,0.00,0,0
2025-05-09 23:40:41.566,0.00,0.00,0.00,0.00,0.00,0.00,0,0
2025-05-09 23:40:41.586,0.00,0.00,0.00,0.00,0.00,0.00,0,0
2025-05-09 23:40:41.609,0.00,0.00,0.00,0.00,0.00,0.00,0,0
2025-05-09 23:40:41.631,0.00,0.00,0.00,0.00,0.00,0.00,0,0
2025-05-09 23:40:41.655,0.00,0.00,0.00,0.00,0.00,0.00,0,0
2025-05-09 23:40:41.677,0.00,0.00,0.00,0.00,0.00,0.00,0,0
2025-05-09 23:40:41.699,0.00,0.00,0.00,0.00,0.00,0.00,0,0
2025-05-09 23:40:41.722,0.00,0.00,0.00,0.00,0.00,0.00,0,0
2025-05-09 23:40:41.744,0.00,0.00,0.00,0.00,0.00,0.00,0,0
2025-05-09 23:40:41.766,0.00,0.00,0.00,0.00,0.00,0.00,0,0
2025-05-09 23:40:41.789,0.00,0.00,0.00,0.00,0.00,0.00,0,0
2025-05-09 23:40:41.809,0.00,0.00,0.00,0.00,0.00,0.00,0,0
2025-05-09 23:40:41.831,8.15,1.47,0.30,3.62,0.65,0.13,0,0
2025-05-09 23:40:41.854,8.15,1.47,0.30,3.62,0.65,0.13,0,0
2025-05-09 23:40:41.877,8.15,1.47,0.30,3.62,0.65,0.13,0,0
2025-05-09 23:40:41.901,8.15,1.47,0.30,3.62,0.65,0.13,0,0
2025-05-09 23:40:41.923,8.15,1.47,0.30,3.62,0.65,0.13,0,0
2025-05-09 23:40:41.945,8.15,1.47,0.30,3.62,0.65,0.13,0,0
2025-05-09 23:40:41.967,8.15,1.47,0.30,3.62,0.65,0.13,0,0
2025-05-09 23:40:41.991,8.15,1.47,0.30,3.62,0.65,0.13,0,0
2025-05-09 23:40:42.013,8.15,1.47,0.30,3.62,0.65,0.13,0,0
2025-05-09 23:40:42.034,8.15,1.47,0.30,3.62,0.65,0.13,0,0
2025-05-09 23:40:42.057,8.15,1.47,0.30,3.62,0.65,0.13,0,0
2025-05-09 23:40:42.084,8.15,1.47,0.30,3.62,0.65,0.13,0,0
2025-05-09 23:40:42.109,8.15,1.47,0.30,3.62,0.65,0.13,0,0
2025-05-09 23:40:42.131,8.15,1.47,0.30,3.62,0.65,0.13,0,0
2025-05-09 23:40:42.153,8.15,1.47,0.30,3.62,0.65,0.13,0,0
2025-05-09 23:40:42.179,8.15,1.47,0.30,3.62,0.65,0.13,0,0
2025-05-09 23:40:42.204,8.15,1.47,0.30,3.62,0.65,0.13,0,0
2025-05-09 23:40:42.225,8.15,1.47,0.30,3.62,0.65,0.13,0,0
2025-05-09 23:40:42.250,8.15,1.47,0.30,3.62,0.65,0.13,0,0
2025-05-09 23:40:42.273,8.15,1.47,0.30,3.62,0.65,0.13,0,0
2025-05-09 23:40:42.297,8.15,1.47,0.30,3.62,0.65,0.13,0,0
2025-05-09 23:40:42.320,8.15,1.47,0.30,3.62,0.65,0.13,0,0
2025-05-09 23:40:42.341,8.15,1.47,0.30,3.62,0.65,0.13,0,0
