Timestamp,Some (avg10),Some (avg60),Some (avg300),Full (avg10),Full (avg60),Full (avg300),OOM Kills,OOM Failures
2025-05-09 23:36:04.604,0.00,0.00,0.00,0.00,0.00,0.00,0,0
2025-05-09 23:36:04.632,0.00,0.00,0.00,0.00,0.00,0.00,0,0
2025-05-09 23:36:04.659,0.00,0.00,0.00,0.00,0.00,0.00,0,0
2025-05-09 23:36:04.683,0.00,0.00,0.00,0.00,0.00,0.00,0,0
2025-05-09 23:36:04.711,0.00,0.00,0.00,0.00,0.00,0.00,0,0
2025-05-09 23:36:04.741,0.00,0.00,0.00,0.00,0.00,0.00,0,0
2025-05-09 23:36:04.766,0.00,0.00,0.00,0.00,0.00,0.00,0,0
2025-05-09 23:36:04.795,0.00,0.00,0.00,0.00,0.00,0.00,0,0
2025-05-09 23:36:04.820,0.00,0.00,0.00,0.00,0.00,0.00,0,0
2025-05-09 23:36:04.846,0.00,0.00,0.00,0.00,0.00,0.00,0,0
2025-05-09 23:36:04.873,0.00,0.00,0.00,0.00,0.00,0.00,0,0
2025-05-09 23:36:04.900,0.00,0.00,0.00,0.00,0.00,0.00,0,0
2025-05-09 23:36:04.926,0.00,0.00,0.00,0.00,0.00,0.00,0,0
2025-05-09 23:36:04.956,0.00,0.00,0.00,0.00,0.00,0.00,0,0
2025-05-09 23:36:04.981,0.00,0.00,0.00,0.00,0.00,0.00,0,0
2025-05-09 23:36:05.006,0.00,0.00,0.00,0.00,0.00,0.00,0,0
2025-05-09 23:36:05.037,0.00,0.00,0.00,0.00,0.00,0.00,0,0
2025-05-09 23:36:05.067,0.00,0.00,0.00,0.00,0.00,0.00,0,0
2025-05-09 23:36:05.094,0.00,0.00,0.00,0.00,0.00,0.00,0,0
2025-05-09 23:36:05.123,0.00,0.00,0.00,0.00,0.00,0.00,0,0
2025-05-09 23:36:05.151,0.00,0.00,0.00,0.00,0.00,0.00,0,0
2025-05-09 23:36:05.176,0.00,0.00,0.00,0.00,0.00,0.00,0,0
2025-05-09 23:36:05.202,0.00,0.00,0.00,0.00,0.00,0.00,0,0
2025-05-09 23:36:05.229,0.00,0.00,0.00,0.00,0.00,0.00,0,0
2025-05-09 23:36:05.254,0.00,0.00,0.00,0.00,0.00,0.00,0,0
2025-05-09 23:36:05.280,0.00,0.00,0.00,0.00,0.00,0.00,0,0
2025-05-09 23:36:05.304,0.00,0.00,0.00,0.00,0.00,0.00,0,0
2025-05-09 23:36:05.329,0.00,0.00,0.00,0.00,0.00,0.00,0,0
2025-05-09 23:36:05.353,0.00,0.00,0.00,0.00,0.00,0.00,0,0
2025-05-09 23:36:05.383,0.00,0.00,0.00,0.00,0.00,0.00,0,0
2025-05-09 23:36:05.408,0.00,0.00,0.00,0.00,0.00,0.00,0,0
2025-05-09 23:36:05.433,0.00,0.00,0.00,0.00,0.00,0.00,0,0
2025-05-09 23:36:05.456,0.00,0.00,0.00,0.00,0.00,0.00,0,0
2025-05-09 23:36:05.481,0.00,0.00,0.00,0.00,0.00,0.00,0,0
2025-05-09 23:36:05.506,0.00,0.00,0.00,0.00,0.00,0.00,0,0
2025-05-09 23:36:05.530,0.00,0.00,0.00,0.00,0.00,0.00,0,0
2025-05-09 23:36:05.554,0.00,0.00,0.00,0.00,0.00,0.00,0,0
2025-05-09 23:36:05.578,0.00,0.00,0.00,0.00,0.00,0.00,0,0
2025-05-09 23:36:05.602,0.00,0.00,0.00,0.00,0.00,0.00,0,0
2025-05-09 23:36:05.625,0.00,0.00,0.00,0.00,0.00,0.00,0,0
2025-05-09 23:36:05.649,0.00,0.00,0.00,0.00,0.00,0.00,0,0
2025-05-09 23:36:05.673,0.00,0.00,0.00,0.00,0.00,0.00,0,0
2025-05-09 23:36:05.696,0.00,0.00,0.00,0.00,0.00,0.00,0,0
2025-05-09 23:36:05.720,0.00,0.00,0.00,0.00,0.00,0.00,0,0
2025-05-09 23:36:05.744,0.00,0.00,0.00,0.00,0.00,0.00,0,0
2025-05-09 23:36:05.768,0.00,0.00,0.00,0.00,0.00,0.00,0,0
2025-05-09 23:36:05.792,0.00,0.00,0.00,0.00,0.00,0.00,0,0
2025-05-09 23:36:05.814,0.00,0.00,0.00,0.00,0.00,0.00,0,0
2025-05-09 23:36:05.838,0.00,0.00,0.00,0.00,0.00,0.00,0,0
2025-05-09 23:36:05.861,0.00,0.00,0.00,0.00,0.00,0.00,0,0
2025-05-09 23:36:05.885,0.00,0.00,0.00,0.00,0.00,0.00,0,0
2025-05-09 23:36:05.908,0.00,0.00,0.00,0.00,0.00,0.00,0,0
2025-05-09 23:36:05.931,0.00,0.00,0.00,0.00,0.00,0.00,0,0
2025-05-09 23:36:05.955,0.00,0.00,0.00,0.00,0.00,0.00,0,0
2025-05-09 23:36:05.979,0.00,0.00,0.00,0.00,0.00,0.00,0,0
2025-05-09 23:36:06.002,0.00,0.00,0.00,0.00,0.00,0.00,0,0
2025-05-09 23:36:06.026,0.00,0.00,0.00,0.00,0.00,0.00,0,0
2025-05-09 23:36:06.049,0.00,0.00,0.00,0.00,0.00,0.00,0,0
2025-05-09 23:36:06.075,0.00,0.00,0.00,0.00,0.00,0.00,0,0
2025-05-09 23:36:06.105,0.00,0.00,0.00,0.00,0.00,0.00,0,0
2025-05-09 23:36:06.136,0.00,0.00,0.00,0.00,0.00,0.00,0,0
2025-05-09 23:36:06.158,0.00,0.00,0.00,0.00,0.00,0.00,0,0
2025-05-09 23:36:06.181,0.00,0.00,0.00,0.00,0.00,0.00,0,0
2025-05-09 23:36:06.211,0.00,0.00,0.00,0.00,0.00,0.00,0,0
2025-05-09 23:36:06.240,0.00,0.00,0.00,0.00,0.00,0.00,0,0
2025-05-09 23:36:06.265,0.00,0.00,0.00,0.00,0.00,0.00,0,0
2025-05-09 23:36:06.293,0.00,0.00,0.00,0.00,0.00,0.00,0,0
2025-05-09 23:36:06.322,0.00,0.00,0.00,0.00,0.00,0.00,0,0
2025-05-09 23:36:06.347,0.00,0.00,0.00,0.00,0.00,0.00,0,0
2025-05-09 23:36:06.397,0.00,0.00,0.00,0.00,0.00,0.00,0,0
2025-05-09 23:36:06.417,0.00,0.00,0.00,0.00,0.00,0.00,0,0
2025-05-09 23:36:06.450,0.00,0.00,0.00,0.00,0.00,0.00,0,0
2025-05-09 23:36:06.483,0.00,0.00,0.00,0.00,0.00,0.00,0,0
2025-05-09 23:36:06.511,0.00,0.00,0.00,0.00,0.00,0.00,0,0
2025-05-09 23:36:06.542,0.00,0.00,0.00,0.00,0.00,0.00,0,0
2025-05-09 23:36:06.568,0.00,0.00,0.00,0.00,0.00,0.00,0,0
2025-05-09 23:36:06.594,0.00,0.00,0.00,0.00,0.00,0.00,0,0
2025-05-09 23:36:06.619,0.00,0.00,0.00,0.00,0.00,0.00,0,0
2025-05-09 23:36:06.646,0.00,0.00,0.00,0.00,0.00,0.00,0,0
2025-05-09 23:36:06.674,0.00,0.00,0.00,0.00,0.00,0.00,0,0
2025-05-09 23:36:06.700,0.00,0.00,0.00,0.00,0.00,0.00,0,0
2025-05-09 23:36:06.727,0.00,0.00,0.00,0.00,0.00,0.00,0,0
2025-05-09 23:36:06.753,0.00,0.00,0.00,0.00,0.00,0.00,0,0
2025-05-09 23:36:06.782,0.00,0.00,0.00,0.00,0.00,0.00,0,0
2025-05-09 23:36:06.807,0.00,0.00,0.00,0.00,0.00,0.00,0,0
2025-05-09 23:36:06.835,0.00,0.00,0.00,0.00,0.00,0.00,0,0
2025-05-09 23:36:06.861,0.00,0.00,0.00,0.00,0.00,0.00,0,0
2025-05-09 23:36:06.889,0.00,0.00,0.00,0.00,0.00,0.00,0,0
2025-05-09 23:36:06.916,0.00,0.00,0.00,0.00,0.00,0.00,0,0
2025-05-09 23:36:06.941,0.00,0.00,0.00,0.00,0.00,0.00,0,0
2025-05-09 23:36:06.969,0.00,0.00,0.00,0.00,0.00,0.00,0,0
2025-05-09 23:36:06.998,0.00,0.00,0.00,0.00,0.00,0.00,0,0
2025-05-09 23:36:07.028,0.00,0.00,0.00,0.00,0.00,0.00,0,0
2025-05-09 23:36:07.052,0.00,0.00,0.00,0.00,0.00,0.00,0,0
2025-05-09 23:36:07.077,0.00,0.00,0.00,0.00,0.00,0.00,0,0
2025-05-09 23:36:07.102,0.00,0.00,0.00,0.00,0.00,0.00,0,0
2025-05-09 23:36:07.124,0.00,0.00,0.00,0.00,0.00,0.00,0,0
2025-05-09 23:36:07.153,0.00,0.00,0.00,0.00,0.00,0.00,0,0
2025-05-09 23:36:07.177,0.00,0.00,0.00,0.00,0.00,0.00,0,0
2025-05-09 23:36:07.202,0.00,0.00,0.00,0.00,0.00,0.00,0,0
2025-05-09 23:36:07.221,0.00,0.00,0.00,0.00,0.00,0.00,0,0
2025-05-09 23:36:07.246,0.00,0.00,0.00,0.00,0.00,0.00,0,0
2025-05-09 23:36:07.276,0.00,0.00,0.00,0.00,0.00,0.00,0,0
2025-05-09 23:36:07.300,0.00,0.00,0.00,0.00,0.00,0.00,0,0
2025-05-09 23:36:07.329,0.00,0.00,0.00,0.00,0.00,0.00,0,0
2025-05-09 23:36:07.355,0.00,0.00,0.00,0.00,0.00,0.00,0,0
2025-05-09 23:36:07.378,0.00,0.00,0.00,0.00,0.00,0.00,0,0
2025-05-09 23:36:07.403,0.00,0.00,0.00,0.00,0.00,0.00,0,0
2025-05-09 23:36:07.428,0.00,0.00,0.00,0.00,0.00,0.00,0,0
2025-05-09 23:36:07.453,0.00,0.00,0.00,0.00,0.00,0.00,0,0
2025-05-09 23:36:07.478,0.00,0.00,0.00,0.00,0.00,0.00,0,0
2025-05-09 23:36:07.504,0.00,0.00,0.00,0.00,0.00,0.00,0,0
2025-05-09 23:36:07.528,0.00,0.00,0.00,0.00,0.00,0.00,0,0
2025-05-09 23:36:07.553,0.00,0.00,0.00,0.00,0.00,0.00,0,0
2025-05-09 23:36:07.579,0.00,0.00,0.00,0.00,0.00,0.00,0,0
2025-05-09 23:36:07.604,0.00,0.00,0.00,0.00,0.00,0.00,0,0
2025-05-09 23:36:07.630,0.00,0.00,0.00,0.00,0.00,0.00,0,0
2025-05-09 23:36:07.655,0.00,0.00,0.00,0.00,0.00,0.00,0,0
2025-05-09 23:36:07.679,0.00,0.00,0.00,0.00,0.00,0.00,0,0
2025-05-09 23:36:07.703,0.00,0.00,0.00,0.00,0.00,0.00,0,0
2025-05-09 23:36:07.727,0.00,0.00,0.00,0.00,0.00,0.00,0,0
2025-05-09 23:36:07.752,0.00,0.00,0.00,0.00,0.00,0.00,0,0
2025-05-09 23:36:07.776,0.00,0.00,0.00,0.00,0.00,0.00,0,0
2025-05-09 23:36:07.800,0.00,0.00,0.00,0.00,0.00,0.00,0,0
2025-05-09 23:36:07.824,0.00,0.00,0.00,0.00,0.00,0.00,0,0
2025-05-09 23:36:07.849,0.00,0.00,0.00,0.00,0.00,0.00,0,0
2025-05-09 23:36:07.874,0.00,0.00,0.00,0.00,0.00,0.00,0,0
2025-05-09 23:36:07.899,0.00,0.00,0.00,0.00,0.00,0.00,0,0
2025-05-09 23:36:07.924,0.00,0.00,0.00,0.00,0.00,0.00,0,0
2025-05-09 23:36:07.950,0.00,0.00,0.00,0.00,0.00,0.00,0,0
2025-05-09 23:36:07.975,0.00,0.00,0.00,0.00,0.00,0.00,0,0
2025-05-09 23:36:07.999,0.00,0.00,0.00,0.00,0.00,0.00,0,0
2025-05-09 23:36:08.024,0.00,0.00,0.00,0.00,0.00,0.00,0,0
2025-05-09 23:36:08.049,0.00,0.00,0.00,0.00,0.00,0.00,0,0
2025-05-09 23:36:08.079,0.00,0.00,0.00,0.00,0.00,0.00,0,0
2025-05-09 23:36:08.110,0.00,0.00,0.00,0.00,0.00,0.00,0,0
2025-05-09 23:36:08.141,0.00,0.00,0.00,0.00,0.00,0.00,0,0
2025-05-09 23:36:08.168,0.00,0.00,0.00,0.00,0.00,0.00,0,0
2025-05-09 23:36:08.196,0.00,0.00,0.00,0.00,0.00,0.00,0,0
2025-05-09 23:36:08.222,0.00,0.00,0.00,0.00,0.00,0.00,0,0
2025-05-09 23:36:08.252,0.00,0.00,0.00,0.00,0.00,0.00,0,0
2025-05-09 23:36:08.279,0.00,0.00,0.00,0.00,0.00,0.00,0,0
2025-05-09 23:36:08.306,0.00,0.00,0.00,0.00,0.00,0.00,0,0
2025-05-09 23:36:08.332,0.00,0.00,0.00,0.00,0.00,0.00,0,0
2025-05-09 23:36:08.359,0.00,0.00,0.00,0.00,0.00,0.00,0,0
2025-05-09 23:36:08.382,0.00,0.00,0.00,0.00,0.00,0.00,0,0
2025-05-09 23:36:08.409,0.00,0.00,0.00,0.00,0.00,0.00,0,0
2025-05-09 23:36:08.430,0.00,0.00,0.00,0.00,0.00,0.00,0,0
2025-05-09 23:36:08.456,0.00,0.00,0.00,0.00,0.00,0.00,0,0
2025-05-09 23:36:08.485,0.00,0.00,0.00,0.00,0.00,0.00,0,0
2025-05-09 23:36:08.510,0.00,0.00,0.00,0.00,0.00,0.00,0,0
2025-05-09 23:36:08.537,0.00,0.00,0.00,0.00,0.00,0.00,0,0
2025-05-09 23:36:08.564,0.00,0.00,0.00,0.00,0.00,0.00,0,0
2025-05-09 23:36:08.590,0.00,0.00,0.00,0.00,0.00,0.00,0,0
2025-05-09 23:36:08.615,0.00,0.00,0.00,0.00,0.00,0.00,0,0
2025-05-09 23:36:08.641,0.00,0.00,0.00,0.00,0.00,0.00,0,0
2025-05-09 23:36:08.667,0.00,0.00,0.00,0.00,0.00,0.00,0,0
2025-05-09 23:36:08.690,0.00,0.00,0.00,0.00,0.00,0.00,0,0
2025-05-09 23:36:08.715,0.00,0.00,0.00,0.00,0.00,0.00,0,0
2025-05-09 23:36:08.741,0.00,0.00,0.00,0.00,0.00,0.00,0,0
2025-05-09 23:36:08.767,0.00,0.00,0.00,0.00,0.00,0.00,0,0
2025-05-09 23:36:08.797,0.00,0.00,0.00,0.00,0.00,0.00,0,0
2025-05-09 23:36:08.826,0.00,0.00,0.00,0.00,0.00,0.00,0,0
2025-05-09 23:36:08.853,0.00,0.00,0.00,0.00,0.00,0.00,0,0
2025-05-09 23:36:08.881,0.00,0.00,0.00,0.00,0.00,0.00,0,0
2025-05-09 23:36:08.907,0.00,0.00,0.00,0.00,0.00,0.00,0,0
2025-05-09 23:36:08.934,0.00,0.00,0.00,0.00,0.00,0.00,0,0
2025-05-09 23:36:08.960,0.00,0.00,0.00,0.00,0.00,0.00,0,0
2025-05-09 23:36:08.985,0.00,0.00,0.00,0.00,0.00,0.00,0,0
2025-05-09 23:36:09.011,0.00,0.00,0.00,0.00,0.00,0.00,0,0
2025-05-09 23:36:09.037,0.00,0.00,0.00,0.00,0.00,0.00,0,0
2025-05-09 23:36:09.063,0.00,0.00,0.00,0.00,0.00,0.00,0,0
2025-05-09 23:36:09.088,0.00,0.00,0.00,0.00,0.00,0.00,0,0
2025-05-09 23:36:09.117,0.00,0.00,0.00,0.00,0.00,0.00,0,0
2025-05-09 23:36:09.142,0.00,0.00,0.00,0.00,0.00,0.00,0,0
2025-05-09 23:36:09.168,0.00,0.00,0.00,0.00,0.00,0.00,0,0
2025-05-09 23:36:09.196,0.00,0.00,0.00,0.00,0.00,0.00,0,0
2025-05-09 23:36:09.221,0.00,0.00,0.00,0.00,0.00,0.00,0,0
2025-05-09 23:36:09.246,0.00,0.00,0.00,0.00,0.00,0.00,0,0
2025-05-09 23:36:09.271,0.00,0.00,0.00,0.00,0.00,0.00,0,0
2025-05-09 23:36:09.289,0.00,0.00,0.00,0.00,0.00,0.00,0,0
2025-05-09 23:36:09.309,0.00,0.00,0.00,0.00,0.00,0.00,0,0
2025-05-09 23:36:09.328,0.00,0.00,0.00,0.00,0.00,0.00,0,0
2025-05-09 23:36:09.346,0.00,0.00,0.00,0.00,0.00,0.00,0,0
2025-05-09 23:36:09.365,0.00,0.00,0.00,0.00,0.00,0.00,0,0
2025-05-09 23:36:09.383,0.00,0.00,0.00,0.00,0.00,0.00,0,0
2025-05-09 23:36:09.403,0.00,0.00,0.00,0.00,0.00,0.00,0,0
2025-05-09 23:36:09.421,0.00,0.00,0.00,0.00,0.00,0.00,0,0
2025-05-09 23:36:09.443,0.00,0.00,0.00,0.00,0.00,0.00,0,0
2025-05-09 23:36:09.467,0.00,0.00,0.00,0.00,0.00,0.00,0,0
2025-05-09 23:36:09.489,9.60,1.73,0.36,4.70,0.85,0.17,0,0
2025-05-09 23:36:09.515,9.60,1.73,0.36,4.70,0.85,0.17,0,0
2025-05-09 23:36:09.539,9.60,1.73,0.36,4.70,0.85,0.17,0,0
2025-05-09 23:36:09.560,9.60,1.73,0.36,4.70,0.85,0.17,0,0
2025-05-09 23:36:09.585,9.60,1.73,0.36,4.70,0.85,0.17,0,0
2025-05-09 23:36:09.610,9.60,1.73,0.36,4.70,0.85,0.17,0,0
2025-05-09 23:36:09.632,9.60,1.73,0.36,4.70,0.85,0.17,0,0
2025-05-09 23:36:09.654,9.60,1.73,0.36,4.70,0.85,0.17,0,0
2025-05-09 23:36:09.676,9.60,1.73,0.36,4.70,0.85,0.17,0,0
2025-05-09 23:36:09.697,9.60,1.73,0.36,4.70,0.85,0.17,0,0
2025-05-09 23:36:09.720,9.60,1.73,0.36,4.70,0.85,0.17,0,0
2025-05-09 23:36:09.742,9.60,1.73,0.36,4.70,0.85,0.17,0,0
2025-05-09 23:36:09.765,9.60,1.73,0.36,4.70,0.85,0.17,0,0
2025-05-09 23:36:09.788,9.60,1.73,0.36,4.70,0.85,0.17,0,0
2025-05-09 23:36:09.810,9.60,1.73,0.36,4.70,0.85,0.17,0,0
2025-05-09 23:36:09.833,9.60,1.73,0.36,4.70,0.85,0.17,0,0
2025-05-09 23:36:09.856,9.60,1.73,0.36,4.70,0.85,0.17,0,0
2025-05-09 23:36:09.876,9.60,1.73,0.36,4.70,0.85,0.17,0,0
2025-05-09 23:36:09.899,9.60,1.73,0.36,4.70,0.85,0.17,0,0
2025-05-09 23:36:09.921,9.60,1.73,0.36,4.70,0.85,0.17,0,0
2025-05-09 23:36:09.943,9.60,1.73,0.36,4.70,0.85,0.17,0,0
2025-05-09 23:36:09.966,9.60,1.73,0.36,4.70,0.85,0.17,0,0
2025-05-09 23:36:09.988,9.60,1.73,0.36,4.70,0.85,0.17,0,0
2025-05-09 23:36:10.011,9.60,1.73,0.36,4.70,0.85,0.17,0,0
2025-05-09 23:36:10.032,9.60,1.73,0.36,4.70,0.85,0.17,0,0
2025-05-09 23:36:10.055,9.60,1.73,0.36,4.70,0.85,0.17,0,0
2025-05-09 23:36:10.077,9.60,1.73,0.36,4.70,0.85,0.17,0,0
2025-05-09 23:36:10.099,9.60,1.73,0.36,4.70,0.85,0.17,0,0
2025-05-09 23:36:10.120,9.60,1.73,0.36,4.70,0.85,0.17,0,0
2025-05-09 23:36:10.142,9.60,1.73,0.36,4.70,0.85,0.17,0,0
2025-05-09 23:36:10.164,9.60,1.73,0.36,4.70,0.85,0.17,0,0
2025-05-09 23:36:10.186,9.60,1.73,0.36,4.70,0.85,0.17,0,0
2025-05-09 23:36:10.208,9.60,1.73,0.36,4.70,0.85,0.17,0,0
2025-05-09 23:36:10.229,9.60,1.73,0.36,4.70,0.85,0.17,0,0
2025-05-09 23:36:10.255,9.60,1.73,0.36,4.70,0.85,0.17,0,0
2025-05-09 23:36:10.283,9.60,1.73,0.36,4.70,0.85,0.17,0,0
2025-05-09 23:36:10.309,9.60,1.73,0.36,4.70,0.85,0.17,0,0
2025-05-09 23:36:10.333,9.60,1.73,0.36,4.70,0.85,0.17,0,0
2025-05-09 23:36:10.362,9.60,1.73,0.36,4.70,0.85,0.17,0,0
2025-05-09 23:36:10.384,9.60,1.73,0.36,4.70,0.85,0.17,0,0
2025-05-09 23:36:10.407,9.60,1.73,0.36,4.70,0.85,0.17,0,0
2025-05-09 23:36:10.432,9.60,1.73,0.36,4.70,0.85,0.17,0,0
2025-05-09 23:36:10.456,9.60,1.73,0.36,4.70,0.85,0.17,0,0
2025-05-09 23:36:10.480,9.60,1.73,0.36,4.70,0.85,0.17,0,0
2025-05-09 23:36:10.501,9.60,1.73,0.36,4.70,0.85,0.17,0,0
