Timestamp,Some (avg10),Some (avg60),Some (avg300),Full (avg10),Full (avg60),Full (avg300),OOM Kills,OOM Failures
2025-05-09 23:37:24.269,0.00,0.00,0.00,0.00,0.00,0.00,0,0
2025-05-09 23:37:24.290,0.00,0.00,0.00,0.00,0.00,0.00,0,0
2025-05-09 23:37:24.317,0.00,0.00,0.00,0.00,0.00,0.00,0,0
2025-05-09 23:37:24.345,0.00,0.00,0.00,0.00,0.00,0.00,0,0
2025-05-09 23:37:24.374,0.00,0.00,0.00,0.00,0.00,0.00,0,0
2025-05-09 23:37:24.402,0.00,0.00,0.00,0.00,0.00,0.00,0,0
2025-05-09 23:37:24.429,0.00,0.00,0.00,0.00,0.00,0.00,0,0
2025-05-09 23:37:24.457,0.00,0.00,0.00,0.00,0.00,0.00,0,0
2025-05-09 23:37:24.488,0.00,0.00,0.00,0.00,0.00,0.00,0,0
2025-05-09 23:37:24.514,0.00,0.00,0.00,0.00,0.00,0.00,0,0
2025-05-09 23:37:24.543,0.00,0.00,0.00,0.00,0.00,0.00,0,0
2025-05-09 23:37:24.570,0.00,0.00,0.00,0.00,0.00,0.00,0,0
2025-05-09 23:37:24.596,0.00,0.00,0.00,0.00,0.00,0.00,0,0
2025-05-09 23:37:24.620,0.00,0.00,0.00,0.00,0.00,0.00,0,0
2025-05-09 23:37:24.645,0.00,0.00,0.00,0.00,0.00,0.00,0,0
2025-05-09 23:37:24.670,0.00,0.00,0.00,0.00,0.00,0.00,0,0
2025-05-09 23:37:24.699,0.00,0.00,0.00,0.00,0.00,0.00,0,0
2025-05-09 23:37:24.721,0.00,0.00,0.00,0.00,0.00,0.00,0,0
2025-05-09 23:37:24.747,0.00,0.00,0.00,0.00,0.00,0.00,0,0
2025-05-09 23:37:24.778,0.00,0.00,0.00,0.00,0.00,0.00,0,0
2025-05-09 23:37:24.804,0.00,0.00,0.00,0.00,0.00,0.00,0,0
2025-05-09 23:37:24.827,0.00,0.00,0.00,0.00,0.00,0.00,0,0
2025-05-09 23:37:24.852,0.00,0.00,0.00,0.00,0.00,0.00,0,0
2025-05-09 23:37:24.879,0.00,0.00,0.00,0.00,0.00,0.00,0,0
2025-05-09 23:37:24.908,0.00,0.00,0.00,0.00,0.00,0.00,0,0
2025-05-09 23:37:24.931,0.00,0.00,0.00,0.00,0.00,0.00,0,0
2025-05-09 23:37:24.956,0.00,0.00,0.00,0.00,0.00,0.00,0,0
2025-05-09 23:37:24.983,0.00,0.00,0.00,0.00,0.00,0.00,0,0
2025-05-09 23:37:25.007,0.00,0.00,0.00,0.00,0.00,0.00,0,0
2025-05-09 23:37:25.032,0.00,0.00,0.00,0.00,0.00,0.00,0,0
2025-05-09 23:37:25.059,0.00,0.00,0.00,0.00,0.00,0.00,0,0
2025-05-09 23:37:25.086,0.00,0.00,0.00,0.00,0.00,0.00,0,0
2025-05-09 23:37:25.108,0.00,0.00,0.00,0.00,0.00,0.00,0,0
2025-05-09 23:37:25.130,0.00,0.00,0.00,0.00,0.00,0.00,0,0
2025-05-09 23:37:25.155,0.00,0.00,0.00,0.00,0.00,0.00,0,0
2025-05-09 23:37:25.179,0.00,0.00,0.00,0.00,0.00,0.00,0,0
2025-05-09 23:37:25.201,0.00,0.00,0.00,0.00,0.00,0.00,0,0
2025-05-09 23:37:25.227,0.00,0.00,0.00,0.00,0.00,0.00,0,0
2025-05-09 23:37:25.251,0.00,0.00,0.00,0.00,0.00,0.00,0,0
2025-05-09 23:37:25.275,0.00,0.00,0.00,0.00,0.00,0.00,0,0
2025-05-09 23:37:25.299,0.00,0.00,0.00,0.00,0.00,0.00,0,0
2025-05-09 23:37:25.322,0.00,0.00,0.00,0.00,0.00,0.00,0,0
2025-05-09 23:37:25.347,0.00,0.00,0.00,0.00,0.00,0.00,0,0
2025-05-09 23:37:25.370,0.00,0.00,0.00,0.00,0.00,0.00,0,0
2025-05-09 23:37:25.392,0.00,0.00,0.00,0.00,0.00,0.00,0,0
2025-05-09 23:37:25.414,0.00,0.00,0.00,0.00,0.00,0.00,0,0
2025-05-09 23:37:25.438,0.00,0.00,0.00,0.00,0.00,0.00,0,0
2025-05-09 23:37:25.462,0.00,0.00,0.00,0.00,0.00,0.00,0,0
2025-05-09 23:37:25.485,0.00,0.00,0.00,0.00,0.00,0.00,0,0
2025-05-09 23:37:25.509,0.00,0.00,0.00,0.00,0.00,0.00,0,0
2025-05-09 23:37:25.535,0.00,0.00,0.00,0.00,0.00,0.00,0,0
2025-05-09 23:37:25.559,0.00,0.00,0.00,0.00,0.00,0.00,0,0
2025-05-09 23:37:25.583,0.00,0.00,0.00,0.00,0.00,0.00,0,0
2025-05-09 23:37:25.608,0.00,0.00,0.00,0.00,0.00,0.00,0,0
2025-05-09 23:37:25.632,0.00,0.00,0.00,0.00,0.00,0.00,0,0
2025-05-09 23:37:25.656,0.00,0.00,0.00,0.00,0.00,0.00,0,0
2025-05-09 23:37:25.681,0.00,0.00,0.00,0.00,0.00,0.00,0,0
2025-05-09 23:37:25.712,0.00,0.00,0.00,0.00,0.00,0.00,0,0
2025-05-09 23:37:25.739,0.00,0.00,0.00,0.00,0.00,0.00,0,0
2025-05-09 23:37:25.762,0.00,0.00,0.00,0.00,0.00,0.00,0,0
2025-05-09 23:37:25.787,0.00,0.00,0.00,0.00,0.00,0.00,0,0
2025-05-09 23:37:25.812,0.00,0.00,0.00,0.00,0.00,0.00,0,0
2025-05-09 23:37:25.836,0.00,0.00,0.00,0.00,0.00,0.00,0,0
2025-05-09 23:37:25.861,0.00,0.00,0.00,0.00,0.00,0.00,0,0
2025-05-09 23:37:25.884,0.00,0.00,0.00,0.00,0.00,0.00,0,0
2025-05-09 23:37:25.912,0.00,0.00,0.00,0.00,0.00,0.00,0,0
2025-05-09 23:37:25.937,0.00,0.00,0.00,0.00,0.00,0.00,0,0
2025-05-09 23:37:25.962,0.00,0.00,0.00,0.00,0.00,0.00,0,0
2025-05-09 23:37:25.985,0.00,0.00,0.00,0.00,0.00,0.00,0,0
2025-05-09 23:37:26.038,0.00,0.00,0.00,0.00,0.00,0.00,0,0
2025-05-09 23:37:26.057,0.00,0.00,0.00,0.00,0.00,0.00,0,0
2025-05-09 23:37:26.084,0.00,0.00,0.00,0.00,0.00,0.00,0,0
2025-05-09 23:37:26.106,0.00,0.00,0.00,0.00,0.00,0.00,0,0
2025-05-09 23:37:26.138,0.00,0.00,0.00,0.00,0.00,0.00,0,0
2025-05-09 23:37:26.164,0.00,0.00,0.00,0.00,0.00,0.00,0,0
2025-05-09 23:37:26.189,0.00,0.00,0.00,0.00,0.00,0.00,0,0
2025-05-09 23:37:26.224,0.00,0.00,0.00,0.00,0.00,0.00,0,0
2025-05-09 23:37:26.251,0.00,0.00,0.00,0.00,0.00,0.00,0,0
2025-05-09 23:37:26.278,0.00,0.00,0.00,0.00,0.00,0.00,0,0
2025-05-09 23:37:26.308,0.00,0.00,0.00,0.00,0.00,0.00,0,0
2025-05-09 23:37:26.335,0.00,0.00,0.00,0.00,0.00,0.00,0,0
2025-05-09 23:37:26.369,0.00,0.00,0.00,0.00,0.00,0.00,0,0
2025-05-09 23:37:26.396,0.00,0.00,0.00,0.00,0.00,0.00,0,0
2025-05-09 23:37:26.421,0.00,0.00,0.00,0.00,0.00,0.00,0,0
2025-05-09 23:37:26.444,0.00,0.00,0.00,0.00,0.00,0.00,0,0
2025-05-09 23:37:26.468,0.00,0.00,0.00,0.00,0.00,0.00,0,0
2025-05-09 23:37:26.497,0.00,0.00,0.00,0.00,0.00,0.00,0,0
2025-05-09 23:37:26.526,0.00,0.00,0.00,0.00,0.00,0.00,0,0
2025-05-09 23:37:26.551,0.00,0.00,0.00,0.00,0.00,0.00,0,0
2025-05-09 23:37:26.578,0.00,0.00,0.00,0.00,0.00,0.00,0,0
2025-05-09 23:37:26.604,0.00,0.00,0.00,0.00,0.00,0.00,0,0
2025-05-09 23:37:26.639,0.00,0.00,0.00,0.00,0.00,0.00,0,0
2025-05-09 23:37:26.663,0.00,0.00,0.00,0.00,0.00,0.00,0,0
2025-05-09 23:37:26.692,0.00,0.00,0.00,0.00,0.00,0.00,0,0
2025-05-09 23:37:26.719,0.00,0.00,0.00,0.00,0.00,0.00,0,0
2025-05-09 23:37:26.745,0.00,0.00,0.00,0.00,0.00,0.00,0,0
2025-05-09 23:37:26.770,0.00,0.00,0.00,0.00,0.00,0.00,0,0
2025-05-09 23:37:26.796,0.00,0.00,0.00,0.00,0.00,0.00,0,0
2025-05-09 23:37:26.825,0.00,0.00,0.00,0.00,0.00,0.00,0,0
2025-05-09 23:37:26.850,0.00,0.00,0.00,0.00,0.00,0.00,0,0
2025-05-09 23:37:26.872,0.00,0.00,0.00,0.00,0.00,0.00,0,0
2025-05-09 23:37:26.898,0.00,0.00,0.00,0.00,0.00,0.00,0,0
2025-05-09 23:37:26.933,0.00,0.00,0.00,0.00,0.00,0.00,0,0
2025-05-09 23:37:26.955,0.00,0.00,0.00,0.00,0.00,0.00,0,0
2025-05-09 23:37:26.984,0.00,0.00,0.00,0.00,0.00,0.00,0,0
2025-05-09 23:37:27.009,0.00,0.00,0.00,0.00,0.00,0.00,0,0
2025-05-09 23:37:27.033,0.00,0.00,0.00,0.00,0.00,0.00,0,0
2025-05-09 23:37:27.058,0.00,0.00,0.00,0.00,0.00,0.00,0,0
2025-05-09 23:37:27.083,0.00,0.00,0.00,0.00,0.00,0.00,0,0
2025-05-09 23:37:27.109,0.00,0.00,0.00,0.00,0.00,0.00,0,0
2025-05-09 23:37:27.136,0.00,0.00,0.00,0.00,0.00,0.00,0,0
2025-05-09 23:37:27.165,0.00,0.00,0.00,0.00,0.00,0.00,0,0
2025-05-09 23:37:27.192,0.00,0.00,0.00,0.00,0.00,0.00,0,0
2025-05-09 23:37:27.218,0.00,0.00,0.00,0.00,0.00,0.00,0,0
2025-05-09 23:37:27.247,0.00,0.00,0.00,0.00,0.00,0.00,0,0
2025-05-09 23:37:27.273,0.00,0.00,0.00,0.00,0.00,0.00,0,0
2025-05-09 23:37:27.300,0.00,0.00,0.00,0.00,0.00,0.00,0,0
2025-05-09 23:37:27.330,0.00,0.00,0.00,0.00,0.00,0.00,0,0
2025-05-09 23:37:27.360,0.00,0.00,0.00,0.00,0.00,0.00,0,0
2025-05-09 23:37:27.389,0.00,0.00,0.00,0.00,0.00,0.00,0,0
2025-05-09 23:37:27.415,0.00,0.00,0.00,0.00,0.00,0.00,0,0
2025-05-09 23:37:27.441,0.00,0.00,0.00,0.00,0.00,0.00,0,0
2025-05-09 23:37:27.466,0.00,0.00,0.00,0.00,0.00,0.00,0,0
2025-05-09 23:37:27.492,0.00,0.00,0.00,0.00,0.00,0.00,0,0
2025-05-09 23:37:27.519,0.00,0.00,0.00,0.00,0.00,0.00,0,0
2025-05-09 23:37:27.544,0.00,0.00,0.00,0.00,0.00,0.00,0,0
2025-05-09 23:37:27.569,0.00,0.00,0.00,0.00,0.00,0.00,0,0
2025-05-09 23:37:27.595,0.00,0.00,0.00,0.00,0.00,0.00,0,0
2025-05-09 23:37:27.619,0.00,0.00,0.00,0.00,0.00,0.00,0,0
2025-05-09 23:37:27.645,0.00,0.00,0.00,0.00,0.00,0.00,0,0
2025-05-09 23:37:27.670,0.00,0.00,0.00,0.00,0.00,0.00,0,0
2025-05-09 23:37:27.694,0.00,0.00,0.00,0.00,0.00,0.00,0,0
2025-05-09 23:37:27.720,0.00,0.00,0.00,0.00,0.00,0.00,0,0
2025-05-09 23:37:27.746,0.00,0.00,0.00,0.00,0.00,0.00,0,0
2025-05-09 23:37:27.773,0.00,0.00,0.00,0.00,0.00,0.00,0,0
2025-05-09 23:37:27.798,0.00,0.00,0.00,0.00,0.00,0.00,0,0
2025-05-09 23:37:27.828,0.00,0.00,0.00,0.00,0.00,0.00,0,0
2025-05-09 23:37:27.855,0.00,0.00,0.00,0.00,0.00,0.00,0,0
2025-05-09 23:37:27.882,0.00,0.00,0.00,0.00,0.00,0.00,0,0
2025-05-09 23:37:27.908,0.00,0.00,0.00,0.00,0.00,0.00,0,0
2025-05-09 23:37:27.929,0.00,0.00,0.00,0.00,0.00,0.00,0,0
2025-05-09 23:37:27.955,0.00,0.00,0.00,0.00,0.00,0.00,0,0
2025-05-09 23:37:27.979,0.00,0.00,0.00,0.00,0.00,0.00,0,0
2025-05-09 23:37:28.006,0.00,0.00,0.00,0.00,0.00,0.00,0,0
2025-05-09 23:37:28.035,0.00,0.00,0.00,0.00,0.00,0.00,0,0
2025-05-09 23:37:28.060,0.00,0.00,0.00,0.00,0.00,0.00,0,0
2025-05-09 23:37:28.084,0.00,0.00,0.00,0.00,0.00,0.00,0,0
2025-05-09 23:37:28.111,0.00,0.00,0.00,0.00,0.00,0.00,0,0
2025-05-09 23:37:28.137,0.00,0.00,0.00,0.00,0.00,0.00,0,0
2025-05-09 23:37:28.166,0.00,0.00,0.00,0.00,0.00,0.00,0,0
2025-05-09 23:37:28.193,0.00,0.00,0.00,0.00,0.00,0.00,0,0
2025-05-09 23:37:28.223,0.00,0.00,0.00,0.00,0.00,0.00,0,0
2025-05-09 23:37:28.252,0.00,0.00,0.00,0.00,0.00,0.00,0,0
2025-05-09 23:37:28.281,0.00,0.00,0.00,0.00,0.00,0.00,0,0
2025-05-09 23:37:28.308,0.00,0.00,0.00,0.00,0.00,0.00,0,0
2025-05-09 23:37:28.332,0.00,0.00,0.00,0.00,0.00,0.00,0,0
2025-05-09 23:37:28.364,0.00,0.00,0.00,0.00,0.00,0.00,0,0
2025-05-09 23:37:28.391,0.00,0.00,0.00,0.00,0.00,0.00,0,0
2025-05-09 23:37:28.417,0.00,0.00,0.00,0.00,0.00,0.00,0,0
2025-05-09 23:37:28.444,0.00,0.00,0.00,0.00,0.00,0.00,0,0
2025-05-09 23:37:28.467,0.00,0.00,0.00,0.00,0.00,0.00,0,0
2025-05-09 23:37:28.492,0.00,0.00,0.00,0.00,0.00,0.00,0,0
2025-05-09 23:37:28.517,0.00,0.00,0.00,0.00,0.00,0.00,0,0
2025-05-09 23:37:28.546,0.00,0.00,0.00,0.00,0.00,0.00,0,0
2025-05-09 23:37:28.574,0.00,0.00,0.00,0.00,0.00,0.00,0,0
2025-05-09 23:37:28.600,0.00,0.00,0.00,0.00,0.00,0.00,0,0
2025-05-09 23:37:28.630,0.00,0.00,0.00,0.00,0.00,0.00,0,0
2025-05-09 23:37:28.656,0.00,0.00,0.00,0.00,0.00,0.00,0,0
2025-05-09 23:37:28.683,0.00,0.00,0.00,0.00,0.00,0.00,0,0
2025-05-09 23:37:28.709,0.00,0.00,0.00,0.00,0.00,0.00,0,0
2025-05-09 23:37:28.735,0.00,0.00,0.00,0.00,0.00,0.00,0,0
2025-05-09 23:37:28.762,0.00,0.00,0.00,0.00,0.00,0.00,0,0
2025-05-09 23:37:28.786,0.00,0.00,0.00,0.00,0.00,0.00,0,0
2025-05-09 23:37:28.811,0.00,0.00,0.00,0.00,0.00,0.00,0,0
2025-05-09 23:37:28.842,0.00,0.00,0.00,0.00,0.00,0.00,0,0
2025-05-09 23:37:28.864,0.00,0.00,0.00,0.00,0.00,0.00,0,0
2025-05-09 23:37:28.889,0.00,0.00,0.00,0.00,0.00,0.00,0,0
2025-05-09 23:37:28.917,0.00,0.00,0.00,0.00,0.00,0.00,0,0
2025-05-09 23:37:28.942,0.00,0.00,0.00,0.00,0.00,0.00,0,0
2025-05-09 23:37:28.966,0.00,0.00,0.00,0.00,0.00,0.00,0,0
2025-05-09 23:37:28.988,0.00,0.00,0.00,0.00,0.00,0.00,0,0
2025-05-09 23:37:29.009,0.00,0.00,0.00,0.00,0.00,0.00,0,0
2025-05-09 23:37:29.028,0.00,0.00,0.00,0.00,0.00,0.00,0,0
2025-05-09 23:37:29.049,0.00,0.00,0.00,0.00,0.00,0.00,0,0
2025-05-09 23:37:29.067,0.00,0.00,0.00,0.00,0.00,0.00,0,0
2025-05-09 23:37:29.087,0.00,0.00,0.00,0.00,0.00,0.00,0,0
2025-05-09 23:37:29.105,0.00,0.00,0.00,0.00,0.00,0.00,0,0
2025-05-09 23:37:29.123,0.00,0.00,0.00,0.00,0.00,0.00,0,0
2025-05-09 23:37:29.144,8.15,1.47,0.30,4.34,0.78,0.16,0,0
2025-05-09 23:37:29.161,8.15,1.47,0.30,4.34,0.78,0.16,0,0
2025-05-09 23:37:29.182,8.15,1.47,0.30,4.34,0.78,0.16,0,0
2025-05-09 23:37:29.200,8.15,1.47,0.30,4.34,0.78,0.16,0,0
2025-05-09 23:37:29.219,8.15,1.47,0.30,4.34,0.78,0.16,0,0
2025-05-09 23:37:29.236,8.15,1.47,0.30,4.34,0.78,0.16,0,0
2025-05-09 23:37:29.255,8.15,1.47,0.30,4.34,0.78,0.16,0,0
2025-05-09 23:37:29.276,8.15,1.47,0.30,4.34,0.78,0.16,0,0
2025-05-09 23:37:29.303,8.15,1.47,0.30,4.34,0.78,0.16,0,0
2025-05-09 23:37:29.328,8.15,1.47,0.30,4.34,0.78,0.16,0,0
2025-05-09 23:37:29.351,8.15,1.47,0.30,4.34,0.78,0.16,0,0
2025-05-09 23:37:29.373,8.15,1.47,0.30,4.34,0.78,0.16,0,0
2025-05-09 23:37:29.395,8.15,1.47,0.30,4.34,0.78,0.16,0,0
2025-05-09 23:37:29.417,8.15,1.47,0.30,4.34,0.78,0.16,0,0
2025-05-09 23:37:29.442,8.15,1.47,0.30,4.34,0.78,0.16,0,0
2025-05-09 23:37:29.465,8.15,1.47,0.30,4.34,0.78,0.16,0,0
2025-05-09 23:37:29.485,8.15,1.47,0.30,4.34,0.78,0.16,0,0
2025-05-09 23:37:29.507,8.15,1.47,0.30,4.34,0.78,0.16,0,0
2025-05-09 23:37:29.529,8.15,1.47,0.30,4.34,0.78,0.16,0,0
2025-05-09 23:37:29.552,8.15,1.47,0.30,4.34,0.78,0.16,0,0
2025-05-09 23:37:29.574,8.15,1.47,0.30,4.34,0.78,0.16,0,0
2025-05-09 23:37:29.595,8.15,1.47,0.30,4.34,0.78,0.16,0,0
2025-05-09 23:37:29.618,8.15,1.47,0.30,4.34,0.78,0.16,0,0
2025-05-09 23:37:29.640,8.15,1.47,0.30,4.34,0.78,0.16,0,0
2025-05-09 23:37:29.662,8.15,1.47,0.30,4.34,0.78,0.16,0,0
2025-05-09 23:37:29.684,8.15,1.47,0.30,4.34,0.78,0.16,0,0
2025-05-09 23:37:29.706,8.15,1.47,0.30,4.34,0.78,0.16,0,0
2025-05-09 23:37:29.727,8.15,1.47,0.30,4.34,0.78,0.16,0,0
2025-05-09 23:37:29.750,8.15,1.47,0.30,4.34,0.78,0.16,0,0
2025-05-09 23:37:29.773,8.15,1.47,0.30,4.34,0.78,0.16,0,0
2025-05-09 23:37:29.794,8.15,1.47,0.30,4.34,0.78,0.16,0,0
2025-05-09 23:37:29.816,8.15,1.47,0.30,4.34,0.78,0.16,0,0
2025-05-09 23:37:29.840,8.15,1.47,0.30,4.34,0.78,0.16,0,0
2025-05-09 23:37:29.862,8.15,1.47,0.30,4.34,0.78,0.16,0,0
2025-05-09 23:37:29.885,8.15,1.47,0.30,4.34,0.78,0.16,0,0
2025-05-09 23:37:29.906,8.15,1.47,0.30,4.34,0.78,0.16,0,0
2025-05-09 23:37:29.929,8.15,1.47,0.30,4.34,0.78,0.16,0,0
2025-05-09 23:37:29.951,8.15,1.47,0.30,4.34,0.78,0.16,0,0
2025-05-09 23:37:29.974,8.15,1.47,0.30,4.34,0.78,0.16,0,0
2025-05-09 23:37:29.995,8.15,1.47,0.30,4.34,0.78,0.16,0,0
2025-05-09 23:37:30.017,8.15,1.47,0.30,4.34,0.78,0.16,0,0
2025-05-09 23:37:30.041,8.15,1.47,0.30,4.34,0.78,0.16,0,0
2025-05-09 23:37:30.063,8.15,1.47,0.30,4.34,0.78,0.16,0,0
2025-05-09 23:37:30.087,8.15,1.47,0.30,4.34,0.78,0.16,0,0
2025-05-09 23:37:30.115,8.15,1.47,0.30,4.34,0.78,0.16,0,0
2025-05-09 23:37:30.139,8.15,1.47,0.30,4.34,0.78,0.16,0,0
2025-05-09 23:37:30.164,8.15,1.47,0.30,4.34,0.78,0.16,0,0
2025-05-09 23:37:30.189,8.15,1.47,0.30,4.34,0.78,0.16,0,0
2025-05-09 23:37:30.215,8.15,1.47,0.30,4.34,0.78,0.16,0,0
2025-05-09 23:37:30.238,8.15,1.47,0.30,4.34,0.78,0.16,0,0
2025-05-09 23:37:30.259,8.15,1.47,0.30,4.34,0.78,0.16,0,0
2025-05-09 23:37:30.282,8.15,1.47,0.30,4.34,0.78,0.16,0,0
2025-05-09 23:37:30.305,8.15,1.47,0.30,4.34,0.78,0.16,0,0
2025-05-09 23:37:30.328,8.15,1.47,0.30,4.34,0.78,0.16,0,0
2025-05-09 23:37:30.351,8.15,1.47,0.30,4.34,0.78,0.16,0,0
2025-05-09 23:37:30.376,8.15,1.47,0.30,4.34,0.78,0.16,0,0
2025-05-09 23:37:30.394,8.15,1.47,0.30,4.34,0.78,0.16,0,0
