Timestamp,Some (avg10),Some (avg60),Some (avg300),Full (avg10),Full (avg60),Full (avg300),OOM Kills,OOM Failures
2025-05-09 23:36:24.714,0.00,0.00,0.00,0.00,0.00,0.00,0,0
2025-05-09 23:36:24.738,0.00,0.00,0.00,0.00,0.00,0.00,0,0
2025-05-09 23:36:24.761,0.00,0.00,0.00,0.00,0.00,0.00,0,0
2025-05-09 23:36:24.788,0.00,0.00,0.00,0.00,0.00,0.00,0,0
2025-05-09 23:36:24.816,0.00,0.00,0.00,0.00,0.00,0.00,0,0
2025-05-09 23:36:24.841,0.00,0.00,0.00,0.00,0.00,0.00,0,0
2025-05-09 23:36:24.867,0.00,0.00,0.00,0.00,0.00,0.00,0,0
2025-05-09 23:36:24.893,0.00,0.00,0.00,0.00,0.00,0.00,0,0
2025-05-09 23:36:24.917,0.00,0.00,0.00,0.00,0.00,0.00,0,0
2025-05-09 23:36:24.946,0.00,0.00,0.00,0.00,0.00,0.00,0,0
2025-05-09 23:36:24.972,0.00,0.00,0.00,0.00,0.00,0.00,0,0
2025-05-09 23:36:24.998,0.00,0.00,0.00,0.00,0.00,0.00,0,0
2025-05-09 23:36:25.027,0.00,0.00,0.00,0.00,0.00,0.00,0,0
2025-05-09 23:36:25.051,0.00,0.00,0.00,0.00,0.00,0.00,0,0
2025-05-09 23:36:25.076,0.00,0.00,0.00,0.00,0.00,0.00,0,0
2025-05-09 23:36:25.100,0.00,0.00,0.00,0.00,0.00,0.00,0,0
2025-05-09 23:36:25.126,0.00,0.00,0.00,0.00,0.00,0.00,0,0
2025-05-09 23:36:25.151,0.00,0.00,0.00,0.00,0.00,0.00,0,0
2025-05-09 23:36:25.173,0.00,0.00,0.00,0.00,0.00,0.00,0,0
2025-05-09 23:36:25.198,0.00,0.00,0.00,0.00,0.00,0.00,0,0
2025-05-09 23:36:25.223,0.00,0.00,0.00,0.00,0.00,0.00,0,0
2025-05-09 23:36:25.250,0.00,0.00,0.00,0.00,0.00,0.00,0,0
2025-05-09 23:36:25.275,0.00,0.00,0.00,0.00,0.00,0.00,0,0
2025-05-09 23:36:25.303,0.00,0.00,0.00,0.00,0.00,0.00,0,0
2025-05-09 23:36:25.330,0.00,0.00,0.00,0.00,0.00,0.00,0,0
2025-05-09 23:36:25.357,0.00,0.00,0.00,0.00,0.00,0.00,0,0
2025-05-09 23:36:25.378,0.00,0.00,0.00,0.00,0.00,0.00,0,0
2025-05-09 23:36:25.406,0.00,0.00,0.00,0.00,0.00,0.00,0,0
2025-05-09 23:36:25.431,0.00,0.00,0.00,0.00,0.00,0.00,0,0
2025-05-09 23:36:25.455,0.00,0.00,0.00,0.00,0.00,0.00,0,0
2025-05-09 23:36:25.481,0.00,0.00,0.00,0.00,0.00,0.00,0,0
2025-05-09 23:36:25.508,0.00,0.00,0.00,0.00,0.00,0.00,0,0
2025-05-09 23:36:25.534,0.00,0.00,0.00,0.00,0.00,0.00,0,0
2025-05-09 23:36:25.563,0.00,0.00,0.00,0.00,0.00,0.00,0,0
2025-05-09 23:36:25.588,0.00,0.00,0.00,0.00,0.00,0.00,0,0
2025-05-09 23:36:25.614,0.00,0.00,0.00,0.00,0.00,0.00,0,0
2025-05-09 23:36:25.638,0.00,0.00,0.00,0.00,0.00,0.00,0,0
2025-05-09 23:36:25.661,0.00,0.00,0.00,0.00,0.00,0.00,0,0
2025-05-09 23:36:25.687,0.00,0.00,0.00,0.00,0.00,0.00,0,0
2025-05-09 23:36:25.711,0.00,0.00,0.00,0.00,0.00,0.00,0,0
2025-05-09 23:36:25.735,0.00,0.00,0.00,0.00,0.00,0.00,0,0
2025-05-09 23:36:25.760,0.00,0.00,0.00,0.00,0.00,0.00,0,0
2025-05-09 23:36:25.788,0.00,0.00,0.00,0.00,0.00,0.00,0,0
2025-05-09 23:36:25.814,0.00,0.00,0.00,0.00,0.00,0.00,0,0
2025-05-09 23:36:25.840,0.00,0.00,0.00,0.00,0.00,0.00,0,0
2025-05-09 23:36:25.866,0.00,0.00,0.00,0.00,0.00,0.00,0,0
2025-05-09 23:36:25.892,0.00,0.00,0.00,0.00,0.00,0.00,0,0
2025-05-09 23:36:25.919,0.00,0.00,0.00,0.00,0.00,0.00,0,0
2025-05-09 23:36:25.943,0.00,0.00,0.00,0.00,0.00,0.00,0,0
2025-05-09 23:36:25.964,0.00,0.00,0.00,0.00,0.00,0.00,0,0
2025-05-09 23:36:25.988,0.00,0.00,0.00,0.00,0.00,0.00,0,0
2025-05-09 23:36:26.013,0.00,0.00,0.00,0.00,0.00,0.00,0,0
2025-05-09 23:36:26.035,0.00,0.00,0.00,0.00,0.00,0.00,0,0
2025-05-09 23:36:26.059,0.00,0.00,0.00,0.00,0.00,0.00,0,0
2025-05-09 23:36:26.083,0.00,0.00,0.00,0.00,0.00,0.00,0,0
2025-05-09 23:36:26.106,0.00,0.00,0.00,0.00,0.00,0.00,0,0
2025-05-09 23:36:26.130,0.00,0.00,0.00,0.00,0.00,0.00,0,0
2025-05-09 23:36:26.152,0.00,0.00,0.00,0.00,0.00,0.00,0,0
2025-05-09 23:36:26.177,0.00,0.00,0.00,0.00,0.00,0.00,0,0
2025-05-09 23:36:26.201,0.00,0.00,0.00,0.00,0.00,0.00,0,0
2025-05-09 23:36:26.224,0.00,0.00,0.00,0.00,0.00,0.00,0,0
2025-05-09 23:36:26.249,0.00,0.00,0.00,0.00,0.00,0.00,0,0
2025-05-09 23:36:26.278,0.00,0.00,0.00,0.00,0.00,0.00,0,0
2025-05-09 23:36:26.299,0.00,0.00,0.00,0.00,0.00,0.00,0,0
2025-05-09 23:36:26.326,0.00,0.00,0.00,0.00,0.00,0.00,0,0
2025-05-09 23:36:26.352,0.00,0.00,0.00,0.00,0.00,0.00,0,0
2025-05-09 23:36:26.380,0.00,0.00,0.00,0.00,0.00,0.00,0,0
2025-05-09 23:36:26.405,0.00,0.00,0.00,0.00,0.00,0.00,0,0
2025-05-09 23:36:26.431,0.00,0.00,0.00,0.00,0.00,0.00,0,0
2025-05-09 23:36:26.456,0.00,0.00,0.00,0.00,0.00,0.00,0,0
2025-05-09 23:36:26.481,0.00,0.00,0.00,0.00,0.00,0.00,0,0
2025-05-09 23:36:26.510,0.00,0.00,0.00,0.00,0.00,0.00,0,0
2025-05-09 23:36:26.534,0.00,0.00,0.00,0.00,0.00,0.00,0,0
2025-05-09 23:36:26.582,0.00,0.00,0.00,0.00,0.00,0.00,0,0
2025-05-09 23:36:26.606,0.00,0.00,0.00,0.00,0.00,0.00,0,0
2025-05-09 23:36:26.631,0.00,0.00,0.00,0.00,0.00,0.00,0,0
2025-05-09 23:36:26.659,0.00,0.00,0.00,0.00,0.00,0.00,0,0
2025-05-09 23:36:26.682,0.00,0.00,0.00,0.00,0.00,0.00,0,0
2025-05-09 23:36:26.709,0.00,0.00,0.00,0.00,0.00,0.00,0,0
2025-05-09 23:36:26.736,0.00,0.00,0.00,0.00,0.00,0.00,0,0
2025-05-09 23:36:26.760,0.00,0.00,0.00,0.00,0.00,0.00,0,0
2025-05-09 23:36:26.788,0.00,0.00,0.00,0.00,0.00,0.00,0,0
2025-05-09 23:36:26.815,0.00,0.00,0.00,0.00,0.00,0.00,0,0
2025-05-09 23:36:26.841,0.00,0.00,0.00,0.00,0.00,0.00,0,0
2025-05-09 23:36:26.871,0.00,0.00,0.00,0.00,0.00,0.00,0,0
2025-05-09 23:36:26.896,0.00,0.00,0.00,0.00,0.00,0.00,0,0
2025-05-09 23:36:26.925,0.00,0.00,0.00,0.00,0.00,0.00,0,0
2025-05-09 23:36:26.956,0.00,0.00,0.00,0.00,0.00,0.00,0,0
2025-05-09 23:36:26.982,0.00,0.00,0.00,0.00,0.00,0.00,0,0
2025-05-09 23:36:27.009,0.00,0.00,0.00,0.00,0.00,0.00,0,0
2025-05-09 23:36:27.038,0.00,0.00,0.00,0.00,0.00,0.00,0,0
2025-05-09 23:36:27.062,0.00,0.00,0.00,0.00,0.00,0.00,0,0
2025-05-09 23:36:27.088,0.00,0.00,0.00,0.00,0.00,0.00,0,0
2025-05-09 23:36:27.116,0.00,0.00,0.00,0.00,0.00,0.00,0,0
2025-05-09 23:36:27.141,0.00,0.00,0.00,0.00,0.00,0.00,0,0
2025-05-09 23:36:27.166,0.00,0.00,0.00,0.00,0.00,0.00,0,0
2025-05-09 23:36:27.197,0.00,0.00,0.00,0.00,0.00,0.00,0,0
2025-05-09 23:36:27.222,0.00,0.00,0.00,0.00,0.00,0.00,0,0
2025-05-09 23:36:27.246,0.00,0.00,0.00,0.00,0.00,0.00,0,0
2025-05-09 23:36:27.271,0.00,0.00,0.00,0.00,0.00,0.00,0,0
2025-05-09 23:36:27.298,0.00,0.00,0.00,0.00,0.00,0.00,0,0
2025-05-09 23:36:27.321,0.00,0.00,0.00,0.00,0.00,0.00,0,0
2025-05-09 23:36:27.346,0.00,0.00,0.00,0.00,0.00,0.00,0,0
2025-05-09 23:36:27.372,0.00,0.00,0.00,0.00,0.00,0.00,0,0
2025-05-09 23:36:27.400,0.00,0.00,0.00,0.00,0.00,0.00,0,0
2025-05-09 23:36:27.426,0.00,0.00,0.00,0.00,0.00,0.00,0,0
2025-05-09 23:36:27.453,0.00,0.00,0.00,0.00,0.00,0.00,0,0
2025-05-09 23:36:27.478,0.00,0.00,0.00,0.00,0.00,0.00,0,0
2025-05-09 23:36:27.503,0.00,0.00,0.00,0.00,0.00,0.00,0,0
2025-05-09 23:36:27.523,0.00,0.00,0.00,0.00,0.00,0.00,0,0
2025-05-09 23:36:27.549,0.00,0.00,0.00,0.00,0.00,0.00,0,0
2025-05-09 23:36:27.574,0.00,0.00,0.00,0.00,0.00,0.00,0,0
2025-05-09 23:36:27.599,0.00,0.00,0.00,0.00,0.00,0.00,0,0
2025-05-09 23:36:27.626,0.00,0.00,0.00,0.00,0.00,0.00,0,0
2025-05-09 23:36:27.650,0.00,0.00,0.00,0.00,0.00,0.00,0,0
2025-05-09 23:36:27.677,0.00,0.00,0.00,0.00,0.00,0.00,0,0
2025-05-09 23:36:27.703,0.00,0.00,0.00,0.00,0.00,0.00,0,0
2025-05-09 23:36:27.727,0.00,0.00,0.00,0.00,0.00,0.00,0,0
2025-05-09 23:36:27.754,0.00,0.00,0.00,0.00,0.00,0.00,0,0
2025-05-09 23:36:27.783,0.00,0.00,0.00,0.00,0.00,0.00,0,0
2025-05-09 23:36:27.813,0.00,0.00,0.00,0.00,0.00,0.00,0,0
2025-05-09 23:36:27.841,0.00,0.00,0.00,0.00,0.00,0.00,0,0
2025-05-09 23:36:27.868,0.00,0.00,0.00,0.00,0.00,0.00,0,0
2025-05-09 23:36:27.894,0.00,0.00,0.00,0.00,0.00,0.00,0,0
2025-05-09 23:36:27.920,0.00,0.00,0.00,0.00,0.00,0.00,0,0
2025-05-09 23:36:27.946,0.00,0.00,0.00,0.00,0.00,0.00,0,0
2025-05-09 23:36:27.972,0.00,0.00,0.00,0.00,0.00,0.00,0,0
2025-05-09 23:36:27.997,0.00,0.00,0.00,0.00,0.00,0.00,0,0
2025-05-09 23:36:28.024,0.00,0.00,0.00,0.00,0.00,0.00,0,0
2025-05-09 23:36:28.050,0.00,0.00,0.00,0.00,0.00,0.00,0,0
2025-05-09 23:36:28.077,0.00,0.00,0.00,0.00,0.00,0.00,0,0
2025-05-09 23:36:28.103,0.00,0.00,0.00,0.00,0.00,0.00,0,0
2025-05-09 23:36:28.128,0.00,0.00,0.00,0.00,0.00,0.00,0,0
2025-05-09 23:36:28.154,0.00,0.00,0.00,0.00,0.00,0.00,0,0
2025-05-09 23:36:28.178,0.00,0.00,0.00,0.00,0.00,0.00,0,0
2025-05-09 23:36:28.207,0.00,0.00,0.00,0.00,0.00,0.00,0,0
2025-05-09 23:36:28.234,0.00,0.00,0.00,0.00,0.00,0.00,0,0
2025-05-09 23:36:28.259,0.00,0.00,0.00,0.00,0.00,0.00,0,0
2025-05-09 23:36:28.296,0.00,0.00,0.00,0.00,0.00,0.00,0,0
2025-05-09 23:36:28.325,0.00,0.00,0.00,0.00,0.00,0.00,0,0
2025-05-09 23:36:28.353,0.00,0.00,0.00,0.00,0.00,0.00,0,0
2025-05-09 23:36:28.377,0.00,0.00,0.00,0.00,0.00,0.00,0,0
2025-05-09 23:36:28.404,0.00,0.00,0.00,0.00,0.00,0.00,0,0
2025-05-09 23:36:28.430,0.00,0.00,0.00,0.00,0.00,0.00,0,0
2025-05-09 23:36:28.456,0.00,0.00,0.00,0.00,0.00,0.00,0,0
2025-05-09 23:36:28.480,0.00,0.00,0.00,0.00,0.00,0.00,0,0
2025-05-09 23:36:28.506,0.00,0.00,0.00,0.00,0.00,0.00,0,0
2025-05-09 23:36:28.531,0.00,0.00,0.00,0.00,0.00,0.00,0,0
2025-05-09 23:36:28.556,0.00,0.00,0.00,0.00,0.00,0.00,0,0
2025-05-09 23:36:28.585,0.00,0.00,0.00,0.00,0.00,0.00,0,0
2025-05-09 23:36:28.612,0.00,0.00,0.00,0.00,0.00,0.00,0,0
2025-05-09 23:36:28.638,0.00,0.00,0.00,0.00,0.00,0.00,0,0
2025-05-09 23:36:28.664,0.00,0.00,0.00,0.00,0.00,0.00,0,0
2025-05-09 23:36:28.691,0.00,0.00,0.00,0.00,0.00,0.00,0,0
2025-05-09 23:36:28.718,0.00,0.00,0.00,0.00,0.00,0.00,0,0
2025-05-09 23:36:28.744,0.00,0.00,0.00,0.00,0.00,0.00,0,0
2025-05-09 23:36:28.773,0.00,0.00,0.00,0.00,0.00,0.00,0,0
2025-05-09 23:36:28.799,0.00,0.00,0.00,0.00,0.00,0.00,0,0
2025-05-09 23:36:28.827,0.00,0.00,0.00,0.00,0.00,0.00,0,0
2025-05-09 23:36:28.853,0.00,0.00,0.00,0.00,0.00,0.00,0,0
2025-05-09 23:36:28.878,0.00,0.00,0.00,0.00,0.00,0.00,0,0
2025-05-09 23:36:28.902,0.00,0.00,0.00,0.00,0.00,0.00,0,0
2025-05-09 23:36:28.929,0.00,0.00,0.00,0.00,0.00,0.00,0,0
2025-05-09 23:36:28.955,0.00,0.00,0.00,0.00,0.00,0.00,0,0
2025-05-09 23:36:28.980,0.00,0.00,0.00,0.00,0.00,0.00,0,0
2025-05-09 23:36:29.007,0.00,0.00,0.00,0.00,0.00,0.00,0,0
2025-05-09 23:36:29.033,0.00,0.00,0.00,0.00,0.00,0.00,0,0
2025-05-09 23:36:29.061,0.00,0.00,0.00,0.00,0.00,0.00,0,0
2025-05-09 23:36:29.092,0.00,0.00,0.00,0.00,0.00,0.00,0,0
2025-05-09 23:36:29.118,0.00,0.00,0.00,0.00,0.00,0.00,0,0
2025-05-09 23:36:29.144,0.00,0.00,0.00,0.00,0.00,0.00,0,0
2025-05-09 23:36:29.167,0.00,0.00,0.00,0.00,0.00,0.00,0,0
2025-05-09 23:36:29.191,0.00,0.00,0.00,0.00,0.00,0.00,0,0
2025-05-09 23:36:29.210,0.00,0.00,0.00,0.00,0.00,0.00,0,0
2025-05-09 23:36:29.231,0.00,0.00,0.00,0.00,0.00,0.00,0,0
2025-05-09 23:36:29.249,0.00,0.00,0.00,0.00,0.00,0.00,0,0
2025-05-09 23:36:29.271,0.00,0.00,0.00,0.00,0.00,0.00,0,0
2025-05-09 23:36:29.288,0.00,0.00,0.00,0.00,0.00,0.00,0,0
2025-05-09 23:36:29.308,0.00,0.00,0.00,0.00,0.00,0.00,0,0
2025-05-09 23:36:29.326,0.00,0.00,0.00,0.00,0.00,0.00,0,0
2025-05-09 23:36:29.346,0.00,0.00,0.00,0.00,0.00,0.00,0,0
2025-05-09 23:36:29.365,0.00,0.00,0.00,0.00,0.00,0.00,0,0
2025-05-09 23:36:29.384,0.00,0.00,0.00,0.00,0.00,0.00,0,0
2025-05-09 23:36:29.414,0.00,0.00,0.00,0.00,0.00,0.00,0,0
2025-05-09 23:36:29.439,0.00,0.00,0.00,0.00,0.00,0.00,0,0
2025-05-09 23:36:29.468,0.00,0.00,0.00,0.00,0.00,0.00,0,0
2025-05-09 23:36:29.490,0.00,0.00,0.00,0.00,0.00,0.00,0,0
2025-05-09 23:36:29.516,0.00,0.00,0.00,0.00,0.00,0.00,0,0
2025-05-09 23:36:29.542,0.00,0.00,0.00,0.00,0.00,0.00,0,0
2025-05-09 23:36:29.569,0.00,0.00,0.00,0.00,0.00,0.00,0,0
2025-05-09 23:36:29.595,9.05,1.63,0.34,4.70,0.85,0.17,0,0
2025-05-09 23:36:29.620,9.05,1.63,0.34,4.70,0.85,0.17,0,0
2025-05-09 23:36:29.645,9.05,1.63,0.34,4.70,0.85,0.17,0,0
2025-05-09 23:36:29.675,9.05,1.63,0.34,4.70,0.85,0.17,0,0
2025-05-09 23:36:29.700,9.05,1.63,0.34,4.70,0.85,0.17,0,0
2025-05-09 23:36:29.722,9.05,1.63,0.34,4.70,0.85,0.17,0,0
2025-05-09 23:36:29.749,9.05,1.63,0.34,4.70,0.85,0.17,0,0
2025-05-09 23:36:29.772,9.05,1.63,0.34,4.70,0.85,0.17,0,0
2025-05-09 23:36:29.792,9.05,1.63,0.34,4.70,0.85,0.17,0,0
2025-05-09 23:36:29.814,9.05,1.63,0.34,4.70,0.85,0.17,0,0
2025-05-09 23:36:29.837,9.05,1.63,0.34,4.70,0.85,0.17,0,0
2025-05-09 23:36:29.860,9.05,1.63,0.34,4.70,0.85,0.17,0,0
2025-05-09 23:36:29.882,9.05,1.63,0.34,4.70,0.85,0.17,0,0
2025-05-09 23:36:29.906,9.05,1.63,0.34,4.70,0.85,0.17,0,0
2025-05-09 23:36:29.929,9.05,1.63,0.34,4.70,0.85,0.17,0,0
2025-05-09 23:36:29.951,9.05,1.63,0.34,4.70,0.85,0.17,0,0
2025-05-09 23:36:29.974,9.05,1.63,0.34,4.70,0.85,0.17,0,0
2025-05-09 23:36:29.997,9.05,1.63,0.34,4.70,0.85,0.17,0,0
2025-05-09 23:36:30.020,9.05,1.63,0.34,4.70,0.85,0.17,0,0
2025-05-09 23:36:30.042,9.05,1.63,0.34,4.70,0.85,0.17,0,0
2025-05-09 23:36:30.066,9.05,1.63,0.34,4.70,0.85,0.17,0,0
2025-05-09 23:36:30.088,9.05,1.63,0.34,4.70,0.85,0.17,0,0
2025-05-09 23:36:30.110,9.05,1.63,0.34,4.70,0.85,0.17,0,0
2025-05-09 23:36:30.133,9.05,1.63,0.34,4.70,0.85,0.17,0,0
2025-05-09 23:36:30.155,9.05,1.63,0.34,4.70,0.85,0.17,0,0
2025-05-09 23:36:30.178,9.05,1.63,0.34,4.70,0.85,0.17,0,0
2025-05-09 23:36:30.200,9.05,1.63,0.34,4.70,0.85,0.17,0,0
2025-05-09 23:36:30.221,9.05,1.63,0.34,4.70,0.85,0.17,0,0
2025-05-09 23:36:30.244,9.05,1.63,0.34,4.70,0.85,0.17,0,0
2025-05-09 23:36:30.266,9.05,1.63,0.34,4.70,0.85,0.17,0,0
2025-05-09 23:36:30.288,9.05,1.63,0.34,4.70,0.85,0.17,0,0
2025-05-09 23:36:30.310,9.05,1.63,0.34,4.70,0.85,0.17,0,0
2025-05-09 23:36:30.330,9.05,1.63,0.34,4.70,0.85,0.17,0,0
2025-05-09 23:36:30.354,9.05,1.63,0.34,4.70,0.85,0.17,0,0
2025-05-09 23:36:30.375,9.05,1.63,0.34,4.70,0.85,0.17,0,0
2025-05-09 23:36:30.397,9.05,1.63,0.34,4.70,0.85,0.17,0,0
2025-05-09 23:36:30.420,9.05,1.63,0.34,4.70,0.85,0.17,0,0
2025-05-09 23:36:30.442,9.05,1.63,0.34,4.70,0.85,0.17,0,0
2025-05-09 23:36:30.465,9.05,1.63,0.34,4.70,0.85,0.17,0,0
2025-05-09 23:36:30.485,9.05,1.63,0.34,4.70,0.85,0.17,0,0
2025-05-09 23:36:30.514,9.05,1.63,0.34,4.70,0.85,0.17,0,0
2025-05-09 23:36:30.540,9.05,1.63,0.34,4.70,0.85,0.17,0,0
2025-05-09 23:36:30.561,9.05,1.63,0.34,4.70,0.85,0.17,0,0
2025-05-09 23:36:30.586,9.05,1.63,0.34,4.70,0.85,0.17,0,0
2025-05-09 23:36:30.608,9.05,1.63,0.34,4.70,0.85,0.17,0,0
2025-05-09 23:36:30.634,9.05,1.63,0.34,4.70,0.85,0.17,0,0
2025-05-09 23:36:30.658,9.05,1.63,0.34,4.70,0.85,0.17,0,0
2025-05-09 23:36:30.682,9.05,1.63,0.34,4.70,0.85,0.17,0,0
2025-05-09 23:36:30.709,9.05,1.63,0.34,4.70,0.85,0.17,0,0
2025-05-09 23:36:30.732,9.05,1.63,0.34,4.70,0.85,0.17,0,0
2025-05-09 23:36:30.756,9.05,1.63,0.34,4.70,0.85,0.17,0,0
2025-05-09 23:36:30.780,9.05,1.63,0.34,4.70,0.85,0.17,0,0
2025-05-09 23:36:30.802,9.05,1.63,0.34,4.70,0.85,0.17,0,0
