Timestamp,Some (avg10),Some (avg60),Some (avg300),Full (avg10),Full (avg60),Full (avg300),OOM Kills,OOM Failures
2025-05-09 23:35:24.997,0.00,0.00,0.00,0.00,0.00,0.00,0,0
2025-05-09 23:35:25.024,0.00,0.00,0.00,0.00,0.00,0.00,0,0
2025-05-09 23:35:25.051,0.00,0.00,0.00,0.00,0.00,0.00,0,0
2025-05-09 23:35:25.071,0.00,0.00,0.00,0.00,0.00,0.00,0,0
2025-05-09 23:35:25.101,0.00,0.00,0.00,0.00,0.00,0.00,0,0
2025-05-09 23:35:25.127,0.00,0.00,0.00,0.00,0.00,0.00,0,0
2025-05-09 23:35:25.153,0.00,0.00,0.00,0.00,0.00,0.00,0,0
2025-05-09 23:35:25.174,0.00,0.00,0.00,0.00,0.00,0.00,0,0
2025-05-09 23:35:25.199,0.00,0.00,0.00,0.00,0.00,0.00,0,0
2025-05-09 23:35:25.229,0.00,0.00,0.00,0.00,0.00,0.00,0,0
2025-05-09 23:35:25.254,0.00,0.00,0.00,0.00,0.00,0.00,0,0
2025-05-09 23:35:25.283,0.00,0.00,0.00,0.00,0.00,0.00,0,0
2025-05-09 23:35:25.312,0.00,0.00,0.00,0.00,0.00,0.00,0,0
2025-05-09 23:35:25.339,0.00,0.00,0.00,0.00,0.00,0.00,0,0
2025-05-09 23:35:25.365,0.00,0.00,0.00,0.00,0.00,0.00,0,0
2025-05-09 23:35:25.389,0.00,0.00,0.00,0.00,0.00,0.00,0,0
2025-05-09 23:35:25.414,0.00,0.00,0.00,0.00,0.00,0.00,0,0
2025-05-09 23:35:25.445,0.00,0.00,0.00,0.00,0.00,0.00,0,0
2025-05-09 23:35:25.473,0.00,0.00,0.00,0.00,0.00,0.00,0,0
2025-05-09 23:35:25.498,0.00,0.00,0.00,0.00,0.00,0.00,0,0
2025-05-09 23:35:25.524,0.00,0.00,0.00,0.00,0.00,0.00,0,0
2025-05-09 23:35:25.550,0.00,0.00,0.00,0.00,0.00,0.00,0,0
2025-05-09 23:35:25.578,0.00,0.00,0.00,0.00,0.00,0.00,0,0
2025-05-09 23:35:25.609,0.00,0.00,0.00,0.00,0.00,0.00,0,0
2025-05-09 23:35:25.634,0.00,0.00,0.00,0.00,0.00,0.00,0,0
2025-05-09 23:35:25.659,0.00,0.00,0.00,0.00,0.00,0.00,0,0
2025-05-09 23:35:25.690,0.00,0.00,0.00,0.00,0.00,0.00,0,0
2025-05-09 23:35:25.715,0.00,0.00,0.00,0.00,0.00,0.00,0,0
2025-05-09 23:35:25.744,0.00,0.00,0.00,0.00,0.00,0.00,0,0
2025-05-09 23:35:25.769,0.00,0.00,0.00,0.00,0.00,0.00,0,0
2025-05-09 23:35:25.794,0.00,0.00,0.00,0.00,0.00,0.00,0,0
2025-05-09 23:35:25.824,0.00,0.00,0.00,0.00,0.00,0.00,0,0
2025-05-09 23:35:25.846,0.00,0.00,0.00,0.00,0.00,0.00,0,0
2025-05-09 23:35:25.868,0.00,0.00,0.00,0.00,0.00,0.00,0,0
2025-05-09 23:35:25.902,0.00,0.00,0.00,0.00,0.00,0.00,0,0
2025-05-09 23:35:25.925,0.00,0.00,0.00,0.00,0.00,0.00,0,0
2025-05-09 23:35:25.951,0.00,0.00,0.00,0.00,0.00,0.00,0,0
2025-05-09 23:35:25.974,0.00,0.00,0.00,0.00,0.00,0.00,0,0
2025-05-09 23:35:25.998,0.00,0.00,0.00,0.00,0.00,0.00,0,0
2025-05-09 23:35:26.022,0.00,0.00,0.00,0.00,0.00,0.00,0,0
2025-05-09 23:35:26.045,0.00,0.00,0.00,0.00,0.00,0.00,0,0
2025-05-09 23:35:26.068,0.00,0.00,0.00,0.00,0.00,0.00,0,0
2025-05-09 23:35:26.091,0.00,0.00,0.00,0.00,0.00,0.00,0,0
2025-05-09 23:35:26.117,0.00,0.00,0.00,0.00,0.00,0.00,0,0
2025-05-09 23:35:26.140,0.00,0.00,0.00,0.00,0.00,0.00,0,0
2025-05-09 23:35:26.162,0.00,0.00,0.00,0.00,0.00,0.00,0,0
2025-05-09 23:35:26.186,0.00,0.00,0.00,0.00,0.00,0.00,0,0
2025-05-09 23:35:26.211,0.00,0.00,0.00,0.00,0.00,0.00,0,0
2025-05-09 23:35:26.233,0.00,0.00,0.00,0.00,0.00,0.00,0,0
2025-05-09 23:35:26.257,0.00,0.00,0.00,0.00,0.00,0.00,0,0
2025-05-09 23:35:26.281,0.00,0.00,0.00,0.00,0.00,0.00,0,0
2025-05-09 23:35:26.303,0.00,0.00,0.00,0.00,0.00,0.00,0,0
2025-05-09 23:35:26.326,0.00,0.00,0.00,0.00,0.00,0.00,0,0
2025-05-09 23:35:26.350,0.00,0.00,0.00,0.00,0.00,0.00,0,0
2025-05-09 23:35:26.375,0.00,0.00,0.00,0.00,0.00,0.00,0,0
2025-05-09 23:35:26.399,0.00,0.00,0.00,0.00,0.00,0.00,0,0
2025-05-09 23:35:26.423,0.00,0.00,0.00,0.00,0.00,0.00,0,0
2025-05-09 23:35:26.445,0.00,0.00,0.00,0.00,0.00,0.00,0,0
2025-05-09 23:35:26.469,0.00,0.00,0.00,0.00,0.00,0.00,0,0
2025-05-09 23:35:26.497,0.00,0.00,0.00,0.00,0.00,0.00,0,0
2025-05-09 23:35:26.521,0.00,0.00,0.00,0.00,0.00,0.00,0,0
2025-05-09 23:35:26.546,0.00,0.00,0.00,0.00,0.00,0.00,0,0
2025-05-09 23:35:26.576,0.00,0.00,0.00,0.00,0.00,0.00,0,0
2025-05-09 23:35:26.601,0.00,0.00,0.00,0.00,0.00,0.00,0,0
2025-05-09 23:35:26.627,0.00,0.00,0.00,0.00,0.00,0.00,0,0
2025-05-09 23:35:26.653,0.00,0.00,0.00,0.00,0.00,0.00,0,0
2025-05-09 23:35:26.680,0.00,0.00,0.00,0.00,0.00,0.00,0,0
2025-05-09 23:35:26.705,0.00,0.00,0.00,0.00,0.00,0.00,0,0
2025-05-09 23:35:26.730,0.00,0.00,0.00,0.00,0.00,0.00,0,0
2025-05-09 23:35:26.755,0.00,0.00,0.00,0.00,0.00,0.00,0,0
2025-05-09 23:35:26.779,0.00,0.00,0.00,0.00,0.00,0.00,0,0
2025-05-09 23:35:26.812,0.00,0.00,0.00,0.00,0.00,0.00,0,0
2025-05-09 23:35:26.840,0.00,0.00,0.00,0.00,0.00,0.00,0,0
2025-05-09 23:35:26.868,0.00,0.00,0.00,0.00,0.00,0.00,0,0
2025-05-09 23:35:26.894,0.00,0.00,0.00,0.00,0.00,0.00,0,0
2025-05-09 23:35:26.922,0.00,0.00,0.00,0.00,0.00,0.00,0,0
2025-05-09 23:35:26.953,0.00,0.00,0.00,0.00,0.00,0.00,0,0
2025-05-09 23:35:26.980,0.00,0.00,0.00,0.00,0.00,0.00,0,0
2025-05-09 23:35:27.009,0.00,0.00,0.00,0.00,0.00,0.00,0,0
2025-05-09 23:35:27.033,0.00,0.00,0.00,0.00,0.00,0.00,0,0
2025-05-09 23:35:27.059,0.00,0.00,0.00,0.00,0.00,0.00,0,0
2025-05-09 23:35:27.092,0.00,0.00,0.00,0.00,0.00,0.00,0,0
2025-05-09 23:35:27.116,0.00,0.00,0.00,0.00,0.00,0.00,0,0
2025-05-09 23:35:27.143,0.00,0.00,0.00,0.00,0.00,0.00,0,0
2025-05-09 23:35:27.168,0.00,0.00,0.00,0.00,0.00,0.00,0,0
2025-05-09 23:35:27.195,0.00,0.00,0.00,0.00,0.00,0.00,0,0
2025-05-09 23:35:27.224,0.00,0.00,0.00,0.00,0.00,0.00,0,0
2025-05-09 23:35:27.250,0.00,0.00,0.00,0.00,0.00,0.00,0,0
2025-05-09 23:35:27.274,0.00,0.00,0.00,0.00,0.00,0.00,0,0
2025-05-09 23:35:27.300,0.00,0.00,0.00,0.00,0.00,0.00,0,0
2025-05-09 23:35:27.320,0.00,0.00,0.00,0.00,0.00,0.00,0,0
2025-05-09 23:35:27.345,0.00,0.00,0.00,0.00,0.00,0.00,0,0
2025-05-09 23:35:27.372,0.00,0.00,0.00,0.00,0.00,0.00,0,0
2025-05-09 23:35:27.396,0.00,0.00,0.00,0.00,0.00,0.00,0,0
2025-05-09 23:35:27.425,0.00,0.00,0.00,0.00,0.00,0.00,0,0
2025-05-09 23:35:27.451,0.00,0.00,0.00,0.00,0.00,0.00,0,0
2025-05-09 23:35:27.475,0.00,0.00,0.00,0.00,0.00,0.00,0,0
2025-05-09 23:35:27.504,0.00,0.00,0.00,0.00,0.00,0.00,0,0
2025-05-09 23:35:27.530,0.00,0.00,0.00,0.00,0.00,0.00,0,0
2025-05-09 23:35:27.554,0.00,0.00,0.00,0.00,0.00,0.00,0,0
2025-05-09 23:35:27.579,0.00,0.00,0.00,0.00,0.00,0.00,0,0
2025-05-09 23:35:27.606,0.00,0.00,0.00,0.00,0.00,0.00,0,0
2025-05-09 23:35:27.631,0.00,0.00,0.00,0.00,0.00,0.00,0,0
2025-05-09 23:35:27.657,0.00,0.00,0.00,0.00,0.00,0.00,0,0
2025-05-09 23:35:27.684,0.00,0.00,0.00,0.00,0.00,0.00,0,0
2025-05-09 23:35:27.709,0.00,0.00,0.00,0.00,0.00,0.00,0,0
2025-05-09 23:35:27.739,0.00,0.00,0.00,0.00,0.00,0.00,0,0
2025-05-09 23:35:27.770,0.00,0.00,0.00,0.00,0.00,0.00,0,0
2025-05-09 23:35:27.796,0.00,0.00,0.00,0.00,0.00,0.00,0,0
2025-05-09 23:35:27.823,0.00,0.00,0.00,0.00,0.00,0.00,0,0
2025-05-09 23:35:27.846,0.00,0.00,0.00,0.00,0.00,0.00,0,0
2025-05-09 23:35:27.871,0.00,0.00,0.00,0.00,0.00,0.00,0,0
2025-05-09 23:35:27.897,0.00,0.00,0.00,0.00,0.00,0.00,0,0
2025-05-09 23:35:27.922,0.00,0.00,0.00,0.00,0.00,0.00,0,0
2025-05-09 23:35:27.955,0.00,0.00,0.00,0.00,0.00,0.00,0,0
2025-05-09 23:35:27.979,0.00,0.00,0.00,0.00,0.00,0.00,0,0
2025-05-09 23:35:28.005,0.00,0.00,0.00,0.00,0.00,0.00,0,0
2025-05-09 23:35:28.034,0.00,0.00,0.00,0.00,0.00,0.00,0,0
2025-05-09 23:35:28.061,0.00,0.00,0.00,0.00,0.00,0.00,0,0
2025-05-09 23:35:28.088,0.00,0.00,0.00,0.00,0.00,0.00,0,0
2025-05-09 23:35:28.113,0.00,0.00,0.00,0.00,0.00,0.00,0,0
2025-05-09 23:35:28.139,0.00,0.00,0.00,0.00,0.00,0.00,0,0
2025-05-09 23:35:28.164,0.00,0.00,0.00,0.00,0.00,0.00,0,0
2025-05-09 23:35:28.189,0.00,0.00,0.00,0.00,0.00,0.00,0,0
2025-05-09 23:35:28.215,0.00,0.00,0.00,0.00,0.00,0.00,0,0
2025-05-09 23:35:28.241,0.00,0.00,0.00,0.00,0.00,0.00,0,0
2025-05-09 23:35:28.267,0.00,0.00,0.00,0.00,0.00,0.00,0,0
2025-05-09 23:35:28.293,0.00,0.00,0.00,0.00,0.00,0.00,0,0
2025-05-09 23:35:28.319,0.00,0.00,0.00,0.00,0.00,0.00,0,0
2025-05-09 23:35:28.345,0.00,0.00,0.00,0.00,0.00,0.00,0,0
2025-05-09 23:35:28.372,0.00,0.00,0.00,0.00,0.00,0.00,0,0
2025-05-09 23:35:28.399,0.00,0.00,0.00,0.00,0.00,0.00,0,0
2025-05-09 23:35:28.424,0.00,0.00,0.00,0.00,0.00,0.00,0,0
2025-05-09 23:35:28.448,0.00,0.00,0.00,0.00,0.00,0.00,0,0
2025-05-09 23:35:28.473,0.00,0.00,0.00,0.00,0.00,0.00,0,0
2025-05-09 23:35:28.500,0.00,0.00,0.00,0.00,0.00,0.00,0,0
2025-05-09 23:35:28.796,0.00,0.00,0.00,0.00,0.00,0.00,0,0
2025-05-09 23:35:28.826,0.00,0.00,0.00,0.00,0.00,0.00,0,0
2025-05-09 23:35:28.853,0.00,0.00,0.00,0.00,0.00,0.00,0,0
2025-05-09 23:35:28.878,0.00,0.00,0.00,0.00,0.00,0.00,0,0
2025-05-09 23:35:28.906,0.00,0.00,0.00,0.00,0.00,0.00,0,0
2025-05-09 23:35:28.931,0.00,0.00,0.00,0.00,0.00,0.00,0,0
2025-05-09 23:35:28.956,0.00,0.00,0.00,0.00,0.00,0.00,0,0
2025-05-09 23:35:28.986,0.00,0.00,0.00,0.00,0.00,0.00,0,0
2025-05-09 23:35:29.012,0.00,0.00,0.00,0.00,0.00,0.00,0,0
2025-05-09 23:35:29.038,0.00,0.00,0.00,0.00,0.00,0.00,0,0
2025-05-09 23:35:29.062,0.00,0.00,0.00,0.00,0.00,0.00,0,0
2025-05-09 23:35:29.090,0.00,0.00,0.00,0.00,0.00,0.00,0,0
2025-05-09 23:35:29.114,0.00,0.00,0.00,0.00,0.00,0.00,0,0
2025-05-09 23:35:29.133,0.00,0.00,0.00,0.00,0.00,0.00,0,0
2025-05-09 23:35:29.155,0.00,0.00,0.00,0.00,0.00,0.00,0,0
2025-05-09 23:35:29.173,0.00,0.00,0.00,0.00,0.00,0.00,0,0
2025-05-09 23:35:29.193,0.00,0.00,0.00,0.00,0.00,0.00,0,0
2025-05-09 23:35:29.210,0.00,0.00,0.00,0.00,0.00,0.00,0,0
2025-05-09 23:35:29.231,0.00,0.00,0.00,0.00,0.00,0.00,0,0
2025-05-09 23:35:29.249,0.00,0.00,0.00,0.00,0.00,0.00,0,0
2025-05-09 23:35:29.270,0.00,0.00,0.00,0.00,0.00,0.00,0,0
2025-05-09 23:35:29.293,0.00,0.00,0.00,0.00,0.00,0.00,0,0
2025-05-09 23:35:29.314,0.00,0.00,0.00,0.00,0.00,0.00,0,0
2025-05-09 23:35:29.336,0.00,0.00,0.00,0.00,0.00,0.00,0,0
2025-05-09 23:35:29.359,0.00,0.00,0.00,0.00,0.00,0.00,0,0
2025-05-09 23:35:29.380,0.00,0.00,0.00,0.00,0.00,0.00,0,0
2025-05-09 23:35:29.403,0.00,0.00,0.00,0.00,0.00,0.00,0,0
2025-05-09 23:35:29.429,0.00,0.00,0.00,0.00,0.00,0.00,0,0
2025-05-09 23:35:29.452,0.00,0.00,0.00,0.00,0.00,0.00,0,0
2025-05-09 23:35:29.474,0.00,0.00,0.00,0.00,0.00,0.00,0,0
2025-05-09 23:35:29.496,0.00,0.00,0.00,0.00,0.00,0.00,0,0
2025-05-09 23:35:29.519,0.00,0.00,0.00,0.00,0.00,0.00,0,0
2025-05-09 23:35:29.539,0.00,0.00,0.00,0.00,0.00,0.00,0,0
2025-05-09 23:35:29.561,0.00,0.00,0.00,0.00,0.00,0.00,0,0
2025-05-09 23:35:29.582,0.00,0.00,0.00,0.00,0.00,0.00,0,0
2025-05-09 23:35:29.604,0.00,0.00,0.00,0.00,0.00,0.00,0,0
2025-05-09 23:35:29.625,0.00,0.00,0.00,0.00,0.00,0.00,0,0
2025-05-09 23:35:29.647,0.00,0.00,0.00,0.00,0.00,0.00,0,0
2025-05-09 23:35:29.669,0.00,0.00,0.00,0.00,0.00,0.00,0,0
2025-05-09 23:35:29.692,0.00,0.00,0.00,0.00,0.00,0.00,0,0
2025-05-09 23:35:29.715,0.00,0.00,0.00,0.00,0.00,0.00,0,0
2025-05-09 23:35:29.738,0.00,0.00,0.00,0.00,0.00,0.00,0,0
2025-05-09 23:35:29.760,0.00,0.00,0.00,0.00,0.00,0.00,0,0
2025-05-09 23:35:29.784,0.00,0.00,0.00,0.00,0.00,0.00,0,0
2025-05-09 23:35:29.806,0.00,0.00,0.00,0.00,0.00,0.00,0,0
2025-05-09 23:35:29.829,0.00,0.00,0.00,0.00,0.00,0.00,0,0
2025-05-09 23:35:29.851,0.00,0.00,0.00,0.00,0.00,0.00,0,0
2025-05-09 23:35:29.874,8.87,1.60,0.33,3.98,0.71,0.15,0,0
2025-05-09 23:35:29.896,8.87,1.60,0.33,3.98,0.71,0.15,0,0
2025-05-09 23:35:29.917,8.87,1.60,0.33,3.98,0.71,0.15,0,0
2025-05-09 23:35:29.940,8.87,1.60,0.33,3.98,0.71,0.15,0,0
2025-05-09 23:35:29.960,8.87,1.60,0.33,3.98,0.71,0.15,0,0
2025-05-09 23:35:29.983,8.87,1.60,0.33,3.98,0.71,0.15,0,0
2025-05-09 23:35:30.004,8.87,1.60,0.33,3.98,0.71,0.15,0,0
2025-05-09 23:35:30.027,8.87,1.60,0.33,3.98,0.71,0.15,0,0
2025-05-09 23:35:30.049,8.87,1.60,0.33,3.98,0.71,0.15,0,0
2025-05-09 23:35:30.072,8.87,1.60,0.33,3.98,0.71,0.15,0,0
2025-05-09 23:35:30.096,8.87,1.60,0.33,3.98,0.71,0.15,0,0
2025-05-09 23:35:30.123,8.87,1.60,0.33,3.98,0.71,0.15,0,0
2025-05-09 23:35:30.145,8.87,1.60,0.33,3.98,0.71,0.15,0,0
2025-05-09 23:35:30.168,8.87,1.60,0.33,3.98,0.71,0.15,0,0
2025-05-09 23:35:30.197,8.87,1.60,0.33,3.98,0.71,0.15,0,0
2025-05-09 23:35:30.220,8.87,1.60,0.33,3.98,0.71,0.15,0,0
2025-05-09 23:35:30.241,8.87,1.60,0.33,3.98,0.71,0.15,0,0
2025-05-09 23:35:30.266,8.87,1.60,0.33,3.98,0.71,0.15,0,0
2025-05-09 23:35:30.290,8.87,1.60,0.33,3.98,0.71,0.15,0,0
2025-05-09 23:35:30.318,8.87,1.60,0.33,3.98,0.71,0.15,0,0
2025-05-09 23:35:30.346,8.87,1.60,0.33,3.98,0.71,0.15,0,0
2025-05-09 23:35:30.373,8.87,1.60,0.33,3.98,0.71,0.15,0,0
2025-05-09 23:35:30.398,8.87,1.60,0.33,3.98,0.71,0.15,0,0
2025-05-09 23:35:30.419,8.87,1.60,0.33,3.98,0.71,0.15,0,0
2025-05-09 23:35:30.442,8.87,1.60,0.33,3.98,0.71,0.15,0,0
